[2022-09-23T02:19:35.083+0800][gc,heap] Heap region size: 1M
[2022-09-23T02:19:35.092+0800][gc     ] Using G1
[2022-09-23T02:19:35.092+0800][gc,heap,coops] Heap address: 0x00000007c0000000, size: 1024 MB, Compressed Oops mode: Zero based, Oop shift amount: 3
[2022-09-23T02:19:41.740+0800][gc,start     ] GC(0) Pause Young (Concurrent Start) (Metadata GC Threshold)
[2022-09-23T02:19:41.741+0800][gc,task      ] GC(0) Using 8 workers of 8 for evacuation
[2022-09-23T02:19:41.757+0800][gc,phases    ] GC(0)   Pre Evacuate Collection Set: 0.0ms
[2022-09-23T02:19:41.757+0800][gc,phases    ] GC(0)   Evacuate Collection Set: 16.0ms
[2022-09-23T02:19:41.757+0800][gc,phases    ] GC(0)   Post Evacuate Collection Set: 0.4ms
[2022-09-23T02:19:41.758+0800][gc,phases    ] GC(0)   Other: 1.0ms
[2022-09-23T02:19:41.758+0800][gc,heap      ] GC(0) Eden regions: 48->0(44)
[2022-09-23T02:19:41.758+0800][gc,heap      ] GC(0) Survivor regions: 0->7(7)
[2022-09-23T02:19:41.758+0800][gc,heap      ] GC(0) Old regions: 0->0
[2022-09-23T02:19:41.758+0800][gc,heap      ] GC(0) Humongous regions: 0->0
[2022-09-23T02:19:41.758+0800][gc,metaspace ] GC(0) Metaspace: 20763K->20763K(1069056K)
[2022-09-23T02:19:41.758+0800][gc           ] GC(0) Pause Young (Concurrent Start) (Metadata GC Threshold) 47M->6M(1024M) 17.608ms
[2022-09-23T02:19:41.758+0800][gc,cpu       ] GC(0) User=0.04s Sys=0.02s Real=0.01s
[2022-09-23T02:19:41.758+0800][gc           ] GC(1) Concurrent Cycle
[2022-09-23T02:19:41.758+0800][gc,marking   ] GC(1) Concurrent Clear Claimed Marks
[2022-09-23T02:19:41.758+0800][gc,marking   ] GC(1) Concurrent Clear Claimed Marks 0.079ms
[2022-09-23T02:19:41.758+0800][gc,marking   ] GC(1) Concurrent Scan Root Regions
[2022-09-23T02:19:41.761+0800][gc,marking   ] GC(1) Concurrent Scan Root Regions 2.638ms
[2022-09-23T02:19:41.761+0800][gc,marking   ] GC(1) Concurrent Mark (6.690s)
[2022-09-23T02:19:41.761+0800][gc,marking   ] GC(1) Concurrent Mark From Roots
[2022-09-23T02:19:41.761+0800][gc,task      ] GC(1) Using 2 workers of 2 for marking
[2022-09-23T02:19:41.761+0800][gc,marking   ] GC(1) Concurrent Mark From Roots 0.169ms
[2022-09-23T02:19:41.761+0800][gc,marking   ] GC(1) Concurrent Preclean
[2022-09-23T02:19:41.761+0800][gc,marking   ] GC(1) Concurrent Preclean 0.038ms
[2022-09-23T02:19:41.761+0800][gc,marking   ] GC(1) Concurrent Mark (6.690s, 6.690s) 0.267ms
[2022-09-23T02:19:41.763+0800][gc,start     ] GC(1) Pause Remark
[2022-09-23T02:19:41.768+0800][gc,stringtable] GC(1) Cleaned string and symbol table, strings: 7224 processed, 0 removed, symbols: 63725 processed, 34 removed
[2022-09-23T02:19:41.769+0800][gc            ] GC(1) Pause Remark 7M->7M(1024M) 6.006ms
[2022-09-23T02:19:41.769+0800][gc,cpu        ] GC(1) User=0.01s Sys=0.01s Real=0.00s
[2022-09-23T02:19:41.769+0800][gc,marking    ] GC(1) Concurrent Rebuild Remembered Sets
[2022-09-23T02:19:41.769+0800][gc,marking    ] GC(1) Concurrent Rebuild Remembered Sets 0.206ms
[2022-09-23T02:19:41.769+0800][gc,start      ] GC(1) Pause Cleanup
[2022-09-23T02:19:41.769+0800][gc            ] GC(1) Pause Cleanup 7M->7M(1024M) 0.149ms
[2022-09-23T02:19:41.769+0800][gc,cpu        ] GC(1) User=0.00s Sys=0.00s Real=0.00s
[2022-09-23T02:19:41.769+0800][gc,marking    ] GC(1) Concurrent Cleanup for Next Mark
[2022-09-23T02:19:41.774+0800][gc,marking    ] GC(1) Concurrent Cleanup for Next Mark 4.249ms
[2022-09-23T02:19:41.774+0800][gc            ] GC(1) Concurrent Cycle 15.664ms
[2022-09-23T02:19:43.002+0800][gc,start      ] GC(2) Pause Young (Normal) (G1 Evacuation Pause)
[2022-09-23T02:19:43.002+0800][gc,task       ] GC(2) Using 8 workers of 8 for evacuation
[2022-09-23T02:19:43.022+0800][gc,phases     ] GC(2)   Pre Evacuate Collection Set: 0.0ms
[2022-09-23T02:19:43.022+0800][gc,phases     ] GC(2)   Evacuate Collection Set: 19.0ms
[2022-09-23T02:19:43.022+0800][gc,phases     ] GC(2)   Post Evacuate Collection Set: 0.4ms
[2022-09-23T02:19:43.022+0800][gc,phases     ] GC(2)   Other: 0.2ms
[2022-09-23T02:19:43.022+0800][gc,heap       ] GC(2) Eden regions: 44->0(49)
[2022-09-23T02:19:43.022+0800][gc,heap       ] GC(2) Survivor regions: 7->2(7)
[2022-09-23T02:19:43.022+0800][gc,heap       ] GC(2) Old regions: 0->7
[2022-09-23T02:19:43.022+0800][gc,heap       ] GC(2) Humongous regions: 129->129
[2022-09-23T02:19:43.022+0800][gc,metaspace  ] GC(2) Metaspace: 29787K->29787K(1077248K)
[2022-09-23T02:19:43.022+0800][gc            ] GC(2) Pause Young (Normal) (G1 Evacuation Pause) 179M->137M(1024M) 19.793ms
[2022-09-23T02:19:43.022+0800][gc,cpu        ] GC(2) User=0.08s Sys=0.03s Real=0.02s
[2022-09-23T02:19:43.320+0800][gc,start      ] GC(3) Pause Young (Concurrent Start) (Metadata GC Threshold)
[2022-09-23T02:19:43.320+0800][gc,task       ] GC(3) Using 8 workers of 8 for evacuation
[2022-09-23T02:19:43.324+0800][gc,phases     ] GC(3)   Pre Evacuate Collection Set: 0.0ms
[2022-09-23T02:19:43.324+0800][gc,phases     ] GC(3)   Evacuate Collection Set: 3.0ms
[2022-09-23T02:19:43.324+0800][gc,phases     ] GC(3)   Post Evacuate Collection Set: 0.2ms
[2022-09-23T02:19:43.324+0800][gc,phases     ] GC(3)   Other: 0.2ms
[2022-09-23T02:19:43.324+0800][gc,heap       ] GC(3) Eden regions: 26->0(48)
[2022-09-23T02:19:43.324+0800][gc,heap       ] GC(3) Survivor regions: 2->3(7)
[2022-09-23T02:19:43.324+0800][gc,heap       ] GC(3) Old regions: 7->7
[2022-09-23T02:19:43.324+0800][gc,heap       ] GC(3) Humongous regions: 129->129
[2022-09-23T02:19:43.324+0800][gc,metaspace  ] GC(3) Metaspace: 34749K->34749K(1081344K)
[2022-09-23T02:19:43.324+0800][gc            ] GC(3) Pause Young (Concurrent Start) (Metadata GC Threshold) 163M->138M(1024M) 3.500ms
[2022-09-23T02:19:43.324+0800][gc,cpu        ] GC(3) User=0.02s Sys=0.00s Real=0.00s
[2022-09-23T02:19:43.324+0800][gc            ] GC(4) Concurrent Cycle
[2022-09-23T02:19:43.324+0800][gc,marking    ] GC(4) Concurrent Clear Claimed Marks
[2022-09-23T02:19:43.324+0800][gc,marking    ] GC(4) Concurrent Clear Claimed Marks 0.024ms
[2022-09-23T02:19:43.324+0800][gc,marking    ] GC(4) Concurrent Scan Root Regions
[2022-09-23T02:19:43.326+0800][gc,marking    ] GC(4) Concurrent Scan Root Regions 1.955ms
[2022-09-23T02:19:43.327+0800][gc,marking    ] GC(4) Concurrent Mark (8.256s)
[2022-09-23T02:19:43.327+0800][gc,marking    ] GC(4) Concurrent Mark From Roots
[2022-09-23T02:19:43.327+0800][gc,task       ] GC(4) Using 2 workers of 2 for marking
[2022-09-23T02:19:43.331+0800][gc,marking    ] GC(4) Concurrent Mark From Roots 3.847ms
[2022-09-23T02:19:43.331+0800][gc,marking    ] GC(4) Concurrent Preclean
[2022-09-23T02:19:43.333+0800][gc,marking    ] GC(4) Concurrent Preclean 2.873ms
[2022-09-23T02:19:43.333+0800][gc,marking    ] GC(4) Concurrent Mark (8.256s, 8.262s) 6.784ms
[2022-09-23T02:19:43.334+0800][gc,start      ] GC(4) Pause Remark
[2022-09-23T02:19:43.340+0800][gc,stringtable] GC(4) Cleaned string and symbol table, strings: 10706 processed, 10 removed, symbols: 95474 processed, 23 removed
[2022-09-23T02:19:43.341+0800][gc            ] GC(4) Pause Remark 138M->138M(1024M) 6.732ms
[2022-09-23T02:19:43.341+0800][gc,cpu        ] GC(4) User=0.01s Sys=0.01s Real=0.01s
[2022-09-23T02:19:43.341+0800][gc,marking    ] GC(4) Concurrent Rebuild Remembered Sets
[2022-09-23T02:19:43.344+0800][gc,marking    ] GC(4) Concurrent Rebuild Remembered Sets 3.097ms
[2022-09-23T02:19:43.345+0800][gc,start      ] GC(4) Pause Cleanup
[2022-09-23T02:19:43.345+0800][gc            ] GC(4) Pause Cleanup 138M->138M(1024M) 0.112ms
[2022-09-23T02:19:43.345+0800][gc,cpu        ] GC(4) User=0.00s Sys=0.00s Real=0.00s
[2022-09-23T02:19:43.345+0800][gc,marking    ] GC(4) Concurrent Cleanup for Next Mark
[2022-09-23T02:19:43.350+0800][gc,marking    ] GC(4) Concurrent Cleanup for Next Mark 5.084ms
[2022-09-23T02:19:43.350+0800][gc            ] GC(4) Concurrent Cycle 26.234ms
[2022-09-23T02:19:44.836+0800][gc,start      ] GC(5) Pause Young (Normal) (G1 Evacuation Pause)
[2022-09-23T02:19:44.836+0800][gc,task       ] GC(5) Using 8 workers of 8 for evacuation
[2022-09-23T02:19:44.849+0800][gc,phases     ] GC(5)   Pre Evacuate Collection Set: 0.0ms
[2022-09-23T02:19:44.849+0800][gc,phases     ] GC(5)   Evacuate Collection Set: 12.5ms
[2022-09-23T02:19:44.849+0800][gc,phases     ] GC(5)   Post Evacuate Collection Set: 0.6ms
[2022-09-23T02:19:44.849+0800][gc,phases     ] GC(5)   Other: 0.2ms
[2022-09-23T02:19:44.849+0800][gc,heap       ] GC(5) Eden regions: 48->0(44)
[2022-09-23T02:19:44.849+0800][gc,heap       ] GC(5) Survivor regions: 3->7(7)
[2022-09-23T02:19:44.850+0800][gc,heap       ] GC(5) Old regions: 7->7
[2022-09-23T02:19:44.850+0800][gc,heap       ] GC(5) Humongous regions: 129->129
[2022-09-23T02:19:44.850+0800][gc,metaspace  ] GC(5) Metaspace: 42528K->42528K(1087488K)
[2022-09-23T02:19:44.850+0800][gc            ] GC(5) Pause Young (Normal) (G1 Evacuation Pause) 186M->141M(1024M) 13.546ms
[2022-09-23T02:19:44.850+0800][gc,cpu        ] GC(5) User=0.06s Sys=0.02s Real=0.02s
[2022-09-23T02:21:52.874+0800][gc,heap,exit  ] Heap
[2022-09-23T02:21:52.875+0800][gc,heap,exit  ]  garbage-first heap   total 1048576K, used 165672K [0x00000007c0000000, 0x0000000800000000)
[2022-09-23T02:21:52.875+0800][gc,heap,exit  ]   region size 1024K, 28 young (28672K), 7 survivors (7168K)
[2022-09-23T02:21:52.875+0800][gc,heap,exit  ]  Metaspace       used 45161K, capacity 46822K, committed 47024K, reserved 1089536K
[2022-09-23T02:21:52.875+0800][gc,heap,exit  ]   class space    used 5317K, capacity 6093K, committed 6144K, reserved 1048576K
