[2022-09-23T22:13:37.464+0800][gc,heap] Heap region size: 1M
[2022-09-23T22:13:37.472+0800][gc     ] Using G1
[2022-09-23T22:13:37.472+0800][gc,heap,coops] Heap address: 0x00000007c0000000, size: 1024 MB, Compressed Oops mode: Zero based, Oop shift amount: 3
[2022-09-23T22:13:44.348+0800][gc,start     ] GC(0) Pause Young (Concurrent Start) (Metadata GC Threshold)
[2022-09-23T22:13:44.348+0800][gc,task      ] GC(0) Using 8 workers of 8 for evacuation
[2022-09-23T22:13:44.367+0800][gc,phases    ] GC(0)   Pre Evacuate Collection Set: 0.0ms
[2022-09-23T22:13:44.367+0800][gc,phases    ] GC(0)   Evacuate Collection Set: 17.7ms
[2022-09-23T22:13:44.367+0800][gc,phases    ] GC(0)   Post Evacuate Collection Set: 0.5ms
[2022-09-23T22:13:44.367+0800][gc,phases    ] GC(0)   Other: 1.0ms
[2022-09-23T22:13:44.367+0800][gc,heap      ] GC(0) Eden regions: 47->0(44)
[2022-09-23T22:13:44.367+0800][gc,heap      ] GC(0) Survivor regions: 0->7(7)
[2022-09-23T22:13:44.367+0800][gc,heap      ] GC(0) Old regions: 0->0
[2022-09-23T22:13:44.367+0800][gc,heap      ] GC(0) Humongous regions: 0->0
[2022-09-23T22:13:44.367+0800][gc,metaspace ] GC(0) Metaspace: 20764K->20764K(1069056K)
[2022-09-23T22:13:44.367+0800][gc           ] GC(0) Pause Young (Concurrent Start) (Metadata GC Threshold) 47M->6M(1024M) 19.374ms
[2022-09-23T22:13:44.367+0800][gc,cpu       ] GC(0) User=0.05s Sys=0.02s Real=0.02s
[2022-09-23T22:13:44.368+0800][gc           ] GC(1) Concurrent Cycle
[2022-09-23T22:13:44.368+0800][gc,marking   ] GC(1) Concurrent Clear Claimed Marks
[2022-09-23T22:13:44.368+0800][gc,marking   ] GC(1) Concurrent Clear Claimed Marks 0.051ms
[2022-09-23T22:13:44.368+0800][gc,marking   ] GC(1) Concurrent Scan Root Regions
[2022-09-23T22:13:44.370+0800][gc,marking   ] GC(1) Concurrent Scan Root Regions 2.324ms
[2022-09-23T22:13:44.370+0800][gc,marking   ] GC(1) Concurrent Mark (6.919s)
[2022-09-23T22:13:44.370+0800][gc,marking   ] GC(1) Concurrent Mark From Roots
[2022-09-23T22:13:44.370+0800][gc,task      ] GC(1) Using 2 workers of 2 for marking
[2022-09-23T22:13:44.370+0800][gc,marking   ] GC(1) Concurrent Mark From Roots 0.168ms
[2022-09-23T22:13:44.370+0800][gc,marking   ] GC(1) Concurrent Preclean
[2022-09-23T22:13:44.370+0800][gc,marking   ] GC(1) Concurrent Preclean 0.036ms
[2022-09-23T22:13:44.370+0800][gc,marking   ] GC(1) Concurrent Mark (6.919s, 6.919s) 0.253ms
[2022-09-23T22:13:44.372+0800][gc,start     ] GC(1) Pause Remark
[2022-09-23T22:13:44.377+0800][gc,stringtable] GC(1) Cleaned string and symbol table, strings: 7209 processed, 0 removed, symbols: 63725 processed, 34 removed
[2022-09-23T22:13:44.378+0800][gc            ] GC(1) Pause Remark 7M->7M(1024M) 5.614ms
[2022-09-23T22:13:44.378+0800][gc,cpu        ] GC(1) User=0.01s Sys=0.00s Real=0.00s
[2022-09-23T22:13:44.378+0800][gc,marking    ] GC(1) Concurrent Rebuild Remembered Sets
[2022-09-23T22:13:44.378+0800][gc,marking    ] GC(1) Concurrent Rebuild Remembered Sets 0.053ms
[2022-09-23T22:13:44.378+0800][gc,start      ] GC(1) Pause Cleanup
[2022-09-23T22:13:44.378+0800][gc            ] GC(1) Pause Cleanup 7M->7M(1024M) 0.121ms
[2022-09-23T22:13:44.379+0800][gc,cpu        ] GC(1) User=0.00s Sys=0.00s Real=0.00s
[2022-09-23T22:13:44.379+0800][gc,marking    ] GC(1) Concurrent Cleanup for Next Mark
[2022-09-23T22:13:44.385+0800][gc,marking    ] GC(1) Concurrent Cleanup for Next Mark 6.337ms
[2022-09-23T22:13:44.385+0800][gc            ] GC(1) Concurrent Cycle 17.428ms
[2022-09-23T22:13:46.002+0800][gc,start      ] GC(2) Pause Young (Normal) (G1 Evacuation Pause)
[2022-09-23T22:13:46.002+0800][gc,task       ] GC(2) Using 8 workers of 8 for evacuation
[2022-09-23T22:13:46.040+0800][gc,mmu        ] GC(2) MMU target violated: 21.0ms (20.0ms/21.0ms)
[2022-09-23T22:13:46.040+0800][gc,phases     ] GC(2)   Pre Evacuate Collection Set: 0.0ms
[2022-09-23T22:13:46.040+0800][gc,phases     ] GC(2)   Evacuate Collection Set: 36.8ms
[2022-09-23T22:13:46.040+0800][gc,phases     ] GC(2)   Post Evacuate Collection Set: 0.7ms
[2022-09-23T22:13:46.040+0800][gc,phases     ] GC(2)   Other: 0.2ms
[2022-09-23T22:13:46.040+0800][gc,heap       ] GC(2) Eden regions: 44->0(48)
[2022-09-23T22:13:46.040+0800][gc,heap       ] GC(2) Survivor regions: 7->3(7)
[2022-09-23T22:13:46.040+0800][gc,heap       ] GC(2) Old regions: 0->7
[2022-09-23T22:13:46.040+0800][gc,heap       ] GC(2) Humongous regions: 129->129
[2022-09-23T22:13:46.040+0800][gc,metaspace  ] GC(2) Metaspace: 29797K->29797K(1077248K)
[2022-09-23T22:13:46.040+0800][gc            ] GC(2) Pause Young (Normal) (G1 Evacuation Pause) 179M->137M(1024M) 37.849ms
[2022-09-23T22:13:46.040+0800][gc,cpu        ] GC(2) User=0.10s Sys=0.03s Real=0.04s
[2022-09-23T22:13:46.518+0800][gc,start      ] GC(3) Pause Young (Concurrent Start) (Metadata GC Threshold)
[2022-09-23T22:13:46.518+0800][gc,task       ] GC(3) Using 8 workers of 8 for evacuation
[2022-09-23T22:13:46.523+0800][gc,phases     ] GC(3)   Pre Evacuate Collection Set: 0.0ms
[2022-09-23T22:13:46.523+0800][gc,phases     ] GC(3)   Evacuate Collection Set: 4.1ms
[2022-09-23T22:13:46.523+0800][gc,phases     ] GC(3)   Post Evacuate Collection Set: 0.3ms
[2022-09-23T22:13:46.523+0800][gc,phases     ] GC(3)   Other: 0.2ms
[2022-09-23T22:13:46.523+0800][gc,heap       ] GC(3) Eden regions: 26->0(48)
[2022-09-23T22:13:46.523+0800][gc,heap       ] GC(3) Survivor regions: 3->3(7)
[2022-09-23T22:13:46.523+0800][gc,heap       ] GC(3) Old regions: 7->7
[2022-09-23T22:13:46.523+0800][gc,heap       ] GC(3) Humongous regions: 129->129
[2022-09-23T22:13:46.523+0800][gc,metaspace  ] GC(3) Metaspace: 34665K->34665K(1081344K)
[2022-09-23T22:13:46.523+0800][gc            ] GC(3) Pause Young (Concurrent Start) (Metadata GC Threshold) 163M->138M(1024M) 4.706ms
[2022-09-23T22:13:46.523+0800][gc,cpu        ] GC(3) User=0.02s Sys=0.01s Real=0.01s
[2022-09-23T22:13:46.523+0800][gc            ] GC(4) Concurrent Cycle
[2022-09-23T22:13:46.523+0800][gc,marking    ] GC(4) Concurrent Clear Claimed Marks
[2022-09-23T22:13:46.523+0800][gc,marking    ] GC(4) Concurrent Clear Claimed Marks 0.023ms
[2022-09-23T22:13:46.523+0800][gc,marking    ] GC(4) Concurrent Scan Root Regions
[2022-09-23T22:13:46.525+0800][gc,marking    ] GC(4) Concurrent Scan Root Regions 1.753ms
[2022-09-23T22:13:46.525+0800][gc,marking    ] GC(4) Concurrent Mark (9.073s)
[2022-09-23T22:13:46.525+0800][gc,marking    ] GC(4) Concurrent Mark From Roots
[2022-09-23T22:13:46.525+0800][gc,task       ] GC(4) Using 2 workers of 2 for marking
[2022-09-23T22:13:46.531+0800][gc,marking    ] GC(4) Concurrent Mark From Roots 6.156ms
[2022-09-23T22:13:46.531+0800][gc,marking    ] GC(4) Concurrent Preclean
[2022-09-23T22:13:46.531+0800][gc,marking    ] GC(4) Concurrent Preclean 0.548ms
[2022-09-23T22:13:46.531+0800][gc,marking    ] GC(4) Concurrent Mark (9.073s, 9.080s) 6.783ms
[2022-09-23T22:13:46.532+0800][gc,start      ] GC(4) Pause Remark
[2022-09-23T22:13:46.540+0800][gc,stringtable] GC(4) Cleaned string and symbol table, strings: 10768 processed, 10 removed, symbols: 95677 processed, 24 removed
[2022-09-23T22:13:46.540+0800][gc            ] GC(4) Pause Remark 139M->139M(1024M) 8.651ms
[2022-09-23T22:13:46.540+0800][gc,cpu        ] GC(4) User=0.01s Sys=0.01s Real=0.01s
[2022-09-23T22:13:46.540+0800][gc,marking    ] GC(4) Concurrent Rebuild Remembered Sets
[2022-09-23T22:13:46.544+0800][gc,marking    ] GC(4) Concurrent Rebuild Remembered Sets 3.395ms
[2022-09-23T22:13:46.544+0800][gc,start      ] GC(4) Pause Cleanup
[2022-09-23T22:13:46.544+0800][gc            ] GC(4) Pause Cleanup 139M->139M(1024M) 0.153ms
[2022-09-23T22:13:46.544+0800][gc,cpu        ] GC(4) User=0.00s Sys=0.00s Real=0.00s
[2022-09-23T22:13:46.544+0800][gc,marking    ] GC(4) Concurrent Cleanup for Next Mark
[2022-09-23T22:13:46.549+0800][gc,marking    ] GC(4) Concurrent Cleanup for Next Mark 4.609ms
[2022-09-23T22:13:46.549+0800][gc            ] GC(4) Concurrent Cycle 26.210ms
[2022-09-23T22:13:48.506+0800][gc,start      ] GC(5) Pause Young (Normal) (G1 Evacuation Pause)
[2022-09-23T22:13:48.506+0800][gc,task       ] GC(5) Using 8 workers of 8 for evacuation
[2022-09-23T22:13:48.523+0800][gc,phases     ] GC(5)   Pre Evacuate Collection Set: 0.0ms
[2022-09-23T22:13:48.523+0800][gc,phases     ] GC(5)   Evacuate Collection Set: 15.7ms
[2022-09-23T22:13:48.523+0800][gc,phases     ] GC(5)   Post Evacuate Collection Set: 1.0ms
[2022-09-23T22:13:48.523+0800][gc,phases     ] GC(5)   Other: 0.3ms
[2022-09-23T22:13:48.523+0800][gc,heap       ] GC(5) Eden regions: 48->0(44)
[2022-09-23T22:13:48.523+0800][gc,heap       ] GC(5) Survivor regions: 3->7(7)
[2022-09-23T22:13:48.523+0800][gc,heap       ] GC(5) Old regions: 7->7
[2022-09-23T22:13:48.523+0800][gc,heap       ] GC(5) Humongous regions: 129->129
[2022-09-23T22:13:48.523+0800][gc,metaspace  ] GC(5) Metaspace: 42619K->42619K(1087488K)
[2022-09-23T22:13:48.523+0800][gc            ] GC(5) Pause Young (Normal) (G1 Evacuation Pause) 186M->141M(1024M) 17.208ms
[2022-09-23T22:13:48.523+0800][gc,cpu        ] GC(5) User=0.05s Sys=0.01s Real=0.02s
[2022-09-23T22:19:27.108+0800][gc,start      ] GC(6) Pause Young (Normal) (G1 Evacuation Pause)
[2022-09-23T22:19:27.108+0800][gc,task       ] GC(6) Using 8 workers of 8 for evacuation
[2022-09-23T22:19:27.137+0800][gc,mmu        ] GC(6) MMU target violated: 21.0ms (20.0ms/21.0ms)
[2022-09-23T22:19:27.137+0800][gc,phases     ] GC(6)   Pre Evacuate Collection Set: 0.0ms
[2022-09-23T22:19:27.137+0800][gc,phases     ] GC(6)   Evacuate Collection Set: 26.4ms
[2022-09-23T22:19:27.138+0800][gc,phases     ] GC(6)   Post Evacuate Collection Set: 2.8ms
[2022-09-23T22:19:27.138+0800][gc,phases     ] GC(6)   Other: 0.6ms
[2022-09-23T22:19:27.138+0800][gc,heap       ] GC(6) Eden regions: 44->0(48)
[2022-09-23T22:19:27.138+0800][gc,heap       ] GC(6) Survivor regions: 7->3(7)
[2022-09-23T22:19:27.138+0800][gc,heap       ] GC(6) Old regions: 7->13
[2022-09-23T22:19:27.138+0800][gc,heap       ] GC(6) Humongous regions: 129->129
[2022-09-23T22:19:27.138+0800][gc,metaspace  ] GC(6) Metaspace: 49973K->49973K(1093632K)
[2022-09-23T22:19:27.138+0800][gc            ] GC(6) Pause Young (Normal) (G1 Evacuation Pause) 185M->144M(1024M) 30.038ms
[2022-09-23T22:19:27.156+0800][gc,cpu        ] GC(6) User=0.04s Sys=0.02s Real=0.05s
[2022-09-23T22:24:16.599+0800][gc,start      ] GC(7) Pause Young (Normal) (G1 Evacuation Pause)
[2022-09-23T22:24:16.601+0800][gc,task       ] GC(7) Using 8 workers of 8 for evacuation
[2022-09-23T22:24:16.634+0800][gc,mmu        ] GC(7) MMU target violated: 21.0ms (20.0ms/21.0ms)
[2022-09-23T22:24:16.634+0800][gc,phases     ] GC(7)   Pre Evacuate Collection Set: 0.1ms
[2022-09-23T22:24:16.634+0800][gc,phases     ] GC(7)   Evacuate Collection Set: 31.8ms
[2022-09-23T22:24:16.634+0800][gc,phases     ] GC(7)   Post Evacuate Collection Set: 1.0ms
[2022-09-23T22:24:16.634+0800][gc,phases     ] GC(7)   Other: 1.7ms
[2022-09-23T22:24:16.634+0800][gc,heap       ] GC(7) Eden regions: 48->0(45)
[2022-09-23T22:24:16.634+0800][gc,heap       ] GC(7) Survivor regions: 3->6(7)
[2022-09-23T22:24:16.634+0800][gc,heap       ] GC(7) Old regions: 13->13
[2022-09-23T22:24:16.634+0800][gc,heap       ] GC(7) Humongous regions: 129->129
[2022-09-23T22:24:16.634+0800][gc,metaspace  ] GC(7) Metaspace: 52010K->52010K(1095680K)
[2022-09-23T22:24:16.634+0800][gc            ] GC(7) Pause Young (Normal) (G1 Evacuation Pause) 192M->147M(1024M) 34.725ms
[2022-09-23T22:24:16.634+0800][gc,cpu        ] GC(7) User=0.12s Sys=0.04s Real=0.04s
[2022-09-23T22:30:20.593+0800][gc,start      ] GC(8) Pause Young (Normal) (G1 Evacuation Pause)
[2022-09-23T22:30:20.593+0800][gc,task       ] GC(8) Using 8 workers of 8 for evacuation
[2022-09-23T22:30:20.623+0800][gc,mmu        ] GC(8) MMU target violated: 21.0ms (20.0ms/21.0ms)
[2022-09-23T22:30:20.623+0800][gc,phases     ] GC(8)   Pre Evacuate Collection Set: 0.1ms
[2022-09-23T22:30:20.623+0800][gc,phases     ] GC(8)   Evacuate Collection Set: 28.8ms
[2022-09-23T22:30:20.623+0800][gc,phases     ] GC(8)   Post Evacuate Collection Set: 0.6ms
[2022-09-23T22:30:20.623+0800][gc,phases     ] GC(8)   Other: 0.8ms
[2022-09-23T22:30:20.623+0800][gc,heap       ] GC(8) Eden regions: 45->0(47)
[2022-09-23T22:30:20.623+0800][gc,heap       ] GC(8) Survivor regions: 6->4(7)
[2022-09-23T22:30:20.623+0800][gc,heap       ] GC(8) Old regions: 13->15
[2022-09-23T22:30:20.623+0800][gc,heap       ] GC(8) Humongous regions: 129->129
[2022-09-23T22:30:20.623+0800][gc,metaspace  ] GC(8) Metaspace: 52127K->52127K(1095680K)
[2022-09-23T22:30:20.623+0800][gc            ] GC(8) Pause Young (Normal) (G1 Evacuation Pause) 192M->146M(1024M) 30.336ms
[2022-09-23T22:30:20.623+0800][gc,cpu        ] GC(8) User=0.11s Sys=0.03s Real=0.03s
[2022-09-23T22:37:07.476+0800][gc,start      ] GC(9) Pause Young (Normal) (G1 Evacuation Pause)
[2022-09-23T22:37:07.477+0800][gc,task       ] GC(9) Using 8 workers of 8 for evacuation
[2022-09-23T22:37:07.496+0800][gc,phases     ] GC(9)   Pre Evacuate Collection Set: 0.1ms
[2022-09-23T22:37:07.496+0800][gc,phases     ] GC(9)   Evacuate Collection Set: 18.1ms
[2022-09-23T22:37:07.496+0800][gc,phases     ] GC(9)   Post Evacuate Collection Set: 0.6ms
[2022-09-23T22:37:07.496+0800][gc,phases     ] GC(9)   Other: 0.9ms
[2022-09-23T22:37:07.496+0800][gc,heap       ] GC(9) Eden regions: 47->0(50)
[2022-09-23T22:37:07.496+0800][gc,heap       ] GC(9) Survivor regions: 4->4(7)
[2022-09-23T22:37:07.496+0800][gc,heap       ] GC(9) Old regions: 15->15
[2022-09-23T22:37:07.496+0800][gc,heap       ] GC(9) Humongous regions: 129->129
[2022-09-23T22:37:07.496+0800][gc,metaspace  ] GC(9) Metaspace: 52196K->52196K(1097728K)
[2022-09-23T22:37:07.496+0800][gc            ] GC(9) Pause Young (Normal) (G1 Evacuation Pause) 193M->147M(1024M) 19.809ms
[2022-09-23T22:37:07.496+0800][gc,cpu        ] GC(9) User=0.04s Sys=0.01s Real=0.02s
[2022-09-23T22:43:48.547+0800][gc,start      ] GC(10) Pause Young (Normal) (G1 Evacuation Pause)
[2022-09-23T22:43:48.547+0800][gc,task       ] GC(10) Using 8 workers of 8 for evacuation
[2022-09-23T22:43:48.571+0800][gc,mmu        ] GC(10) MMU target violated: 21.0ms (20.0ms/21.0ms)
[2022-09-23T22:43:48.571+0800][gc,phases     ] GC(10)   Pre Evacuate Collection Set: 0.1ms
[2022-09-23T22:43:48.571+0800][gc,phases     ] GC(10)   Evacuate Collection Set: 23.0ms
[2022-09-23T22:43:48.571+0800][gc,phases     ] GC(10)   Post Evacuate Collection Set: 0.4ms
[2022-09-23T22:43:48.571+0800][gc,phases     ] GC(10)   Other: 0.8ms
[2022-09-23T22:43:48.571+0800][gc,heap       ] GC(10) Eden regions: 50->0(52)
[2022-09-23T22:43:48.571+0800][gc,heap       ] GC(10) Survivor regions: 4->4(7)
[2022-09-23T22:43:48.571+0800][gc,heap       ] GC(10) Old regions: 15->16
[2022-09-23T22:43:48.571+0800][gc,heap       ] GC(10) Humongous regions: 129->129
[2022-09-23T22:43:48.571+0800][gc,metaspace  ] GC(10) Metaspace: 52372K->52372K(1097728K)
[2022-09-23T22:43:48.571+0800][gc            ] GC(10) Pause Young (Normal) (G1 Evacuation Pause) 197M->147M(1024M) 24.415ms
[2022-09-23T22:43:48.571+0800][gc,cpu        ] GC(10) User=0.08s Sys=0.02s Real=0.03s
