[2022-09-23T02:19:43.899+0800][gc,heap] Heap region size: 1M
[2022-09-23T02:19:43.909+0800][gc     ] Using G1
[2022-09-23T02:19:43.909+0800][gc,heap,coops] Heap address: 0x00000007c0000000, size: 1024 MB, Compressed Oops mode: Zero based, Oop shift amount: 3
[2022-09-23T02:19:50.885+0800][gc,start     ] GC(0) Pause Young (Concurrent Start) (Metadata GC Threshold)
[2022-09-23T02:19:50.885+0800][gc,task      ] GC(0) Using 8 workers of 8 for evacuation
[2022-09-23T02:19:50.904+0800][gc,phases    ] GC(0)   Pre Evacuate Collection Set: 0.0ms
[2022-09-23T02:19:50.904+0800][gc,phases    ] GC(0)   Evacuate Collection Set: 17.4ms
[2022-09-23T02:19:50.904+0800][gc,phases    ] GC(0)   Post Evacuate Collection Set: 0.6ms
[2022-09-23T02:19:50.904+0800][gc,phases    ] GC(0)   Other: 1.0ms
[2022-09-23T02:19:50.904+0800][gc,heap      ] GC(0) Eden regions: 47->0(44)
[2022-09-23T02:19:50.904+0800][gc,heap      ] GC(0) Survivor regions: 0->7(7)
[2022-09-23T02:19:50.904+0800][gc,heap      ] GC(0) Old regions: 0->1
[2022-09-23T02:19:50.904+0800][gc,heap      ] GC(0) Humongous regions: 0->0
[2022-09-23T02:19:50.904+0800][gc,metaspace ] GC(0) Metaspace: 20641K->20641K(1069056K)
[2022-09-23T02:19:50.904+0800][gc           ] GC(0) Pause Young (Concurrent Start) (Metadata GC Threshold) 47M->7M(1024M) 19.159ms
[2022-09-23T02:19:50.904+0800][gc,cpu       ] GC(0) User=0.05s Sys=0.02s Real=0.02s
[2022-09-23T02:19:50.904+0800][gc           ] GC(1) Concurrent Cycle
[2022-09-23T02:19:50.904+0800][gc,marking   ] GC(1) Concurrent Clear Claimed Marks
[2022-09-23T02:19:50.904+0800][gc,marking   ] GC(1) Concurrent Clear Claimed Marks 0.027ms
[2022-09-23T02:19:50.904+0800][gc,marking   ] GC(1) Concurrent Scan Root Regions
[2022-09-23T02:19:50.907+0800][gc,marking   ] GC(1) Concurrent Scan Root Regions 3.005ms
[2022-09-23T02:19:50.907+0800][gc,marking   ] GC(1) Concurrent Mark (7.022s)
[2022-09-23T02:19:50.907+0800][gc,marking   ] GC(1) Concurrent Mark From Roots
[2022-09-23T02:19:50.907+0800][gc,task      ] GC(1) Using 2 workers of 2 for marking
[2022-09-23T02:19:50.907+0800][gc,marking   ] GC(1) Concurrent Mark From Roots 0.175ms
[2022-09-23T02:19:50.908+0800][gc,marking   ] GC(1) Concurrent Preclean
[2022-09-23T02:19:50.908+0800][gc,marking   ] GC(1) Concurrent Preclean 0.037ms
[2022-09-23T02:19:50.908+0800][gc,marking   ] GC(1) Concurrent Mark (7.022s, 7.023s) 0.260ms
[2022-09-23T02:19:50.908+0800][gc,start     ] GC(1) Pause Remark
[2022-09-23T02:19:50.913+0800][gc,stringtable] GC(1) Cleaned string and symbol table, strings: 7196 processed, 0 removed, symbols: 63683 processed, 34 removed
[2022-09-23T02:19:50.914+0800][gc            ] GC(1) Pause Remark 7M->7M(1024M) 5.963ms
[2022-09-23T02:19:50.914+0800][gc,cpu        ] GC(1) User=0.01s Sys=0.00s Real=0.01s
[2022-09-23T02:19:50.914+0800][gc,marking    ] GC(1) Concurrent Rebuild Remembered Sets
[2022-09-23T02:19:50.914+0800][gc,marking    ] GC(1) Concurrent Rebuild Remembered Sets 0.144ms
[2022-09-23T02:19:50.915+0800][gc,start      ] GC(1) Pause Cleanup
[2022-09-23T02:19:50.915+0800][gc            ] GC(1) Pause Cleanup 7M->7M(1024M) 0.104ms
[2022-09-23T02:19:50.915+0800][gc,cpu        ] GC(1) User=0.00s Sys=0.00s Real=0.00s
[2022-09-23T02:19:50.915+0800][gc,marking    ] GC(1) Concurrent Cleanup for Next Mark
[2022-09-23T02:19:50.919+0800][gc,marking    ] GC(1) Concurrent Cleanup for Next Mark 3.933ms
[2022-09-23T02:19:50.919+0800][gc            ] GC(1) Concurrent Cycle 14.870ms
[2022-09-23T02:19:52.093+0800][gc,start      ] GC(2) Pause Young (Normal) (G1 Evacuation Pause)
[2022-09-23T02:19:52.093+0800][gc,task       ] GC(2) Using 8 workers of 8 for evacuation
[2022-09-23T02:19:52.112+0800][gc,phases     ] GC(2)   Pre Evacuate Collection Set: 0.0ms
[2022-09-23T02:19:52.112+0800][gc,phases     ] GC(2)   Evacuate Collection Set: 18.5ms
[2022-09-23T02:19:52.112+0800][gc,phases     ] GC(2)   Post Evacuate Collection Set: 0.5ms
[2022-09-23T02:19:52.112+0800][gc,phases     ] GC(2)   Other: 0.2ms
[2022-09-23T02:19:52.112+0800][gc,heap       ] GC(2) Eden regions: 44->0(48)
[2022-09-23T02:19:52.112+0800][gc,heap       ] GC(2) Survivor regions: 7->3(7)
[2022-09-23T02:19:52.112+0800][gc,heap       ] GC(2) Old regions: 1->7
[2022-09-23T02:19:52.112+0800][gc,heap       ] GC(2) Humongous regions: 129->129
[2022-09-23T02:19:52.112+0800][gc,metaspace  ] GC(2) Metaspace: 29735K->29735K(1077248K)
[2022-09-23T02:19:52.112+0800][gc            ] GC(2) Pause Young (Normal) (G1 Evacuation Pause) 180M->137M(1024M) 19.383ms
[2022-09-23T02:19:52.112+0800][gc,cpu        ] GC(2) User=0.08s Sys=0.03s Real=0.02s
[2022-09-23T02:19:52.435+0800][gc,start      ] GC(3) Pause Young (Concurrent Start) (Metadata GC Threshold)
[2022-09-23T02:19:52.435+0800][gc,task       ] GC(3) Using 8 workers of 8 for evacuation
[2022-09-23T02:19:52.439+0800][gc,phases     ] GC(3)   Pre Evacuate Collection Set: 0.0ms
[2022-09-23T02:19:52.439+0800][gc,phases     ] GC(3)   Evacuate Collection Set: 4.0ms
[2022-09-23T02:19:52.439+0800][gc,phases     ] GC(3)   Post Evacuate Collection Set: 0.2ms
[2022-09-23T02:19:52.439+0800][gc,phases     ] GC(3)   Other: 0.2ms
[2022-09-23T02:19:52.439+0800][gc,heap       ] GC(3) Eden regions: 28->0(48)
[2022-09-23T02:19:52.439+0800][gc,heap       ] GC(3) Survivor regions: 3->3(7)
[2022-09-23T02:19:52.439+0800][gc,heap       ] GC(3) Old regions: 7->7
[2022-09-23T02:19:52.439+0800][gc,heap       ] GC(3) Humongous regions: 129->129
[2022-09-23T02:19:52.439+0800][gc,metaspace  ] GC(3) Metaspace: 34975K->34975K(1081344K)
[2022-09-23T02:19:52.439+0800][gc            ] GC(3) Pause Young (Concurrent Start) (Metadata GC Threshold) 164M->138M(1024M) 4.531ms
[2022-09-23T02:19:52.439+0800][gc,cpu        ] GC(3) User=0.02s Sys=0.01s Real=0.00s
[2022-09-23T02:19:52.439+0800][gc            ] GC(4) Concurrent Cycle
[2022-09-23T02:19:52.439+0800][gc,marking    ] GC(4) Concurrent Clear Claimed Marks
[2022-09-23T02:19:52.439+0800][gc,marking    ] GC(4) Concurrent Clear Claimed Marks 0.018ms
[2022-09-23T02:19:52.439+0800][gc,marking    ] GC(4) Concurrent Scan Root Regions
[2022-09-23T02:19:52.441+0800][gc,marking    ] GC(4) Concurrent Scan Root Regions 1.679ms
[2022-09-23T02:19:52.441+0800][gc,marking    ] GC(4) Concurrent Mark (8.556s)
[2022-09-23T02:19:52.441+0800][gc,marking    ] GC(4) Concurrent Mark From Roots
[2022-09-23T02:19:52.441+0800][gc,task       ] GC(4) Using 2 workers of 2 for marking
[2022-09-23T02:19:52.449+0800][gc,marking    ] GC(4) Concurrent Mark From Roots 7.864ms
[2022-09-23T02:19:52.449+0800][gc,marking    ] GC(4) Concurrent Preclean
[2022-09-23T02:19:52.449+0800][gc,marking    ] GC(4) Concurrent Preclean 0.060ms
[2022-09-23T02:19:52.449+0800][gc,marking    ] GC(4) Concurrent Mark (8.556s, 8.564s) 7.980ms
[2022-09-23T02:19:52.450+0800][gc,start      ] GC(4) Pause Remark
[2022-09-23T02:19:52.457+0800][gc,stringtable] GC(4) Cleaned string and symbol table, strings: 10731 processed, 9 removed, symbols: 96113 processed, 23 removed
[2022-09-23T02:19:52.457+0800][gc            ] GC(4) Pause Remark 139M->139M(1024M) 7.129ms
[2022-09-23T02:19:52.457+0800][gc,cpu        ] GC(4) User=0.02s Sys=0.01s Real=0.00s
[2022-09-23T02:19:52.457+0800][gc,marking    ] GC(4) Concurrent Rebuild Remembered Sets
[2022-09-23T02:19:52.460+0800][gc,marking    ] GC(4) Concurrent Rebuild Remembered Sets 3.057ms
[2022-09-23T02:19:52.461+0800][gc,start      ] GC(4) Pause Cleanup
[2022-09-23T02:19:52.461+0800][gc            ] GC(4) Pause Cleanup 139M->139M(1024M) 0.146ms
[2022-09-23T02:19:52.461+0800][gc,cpu        ] GC(4) User=0.00s Sys=0.00s Real=0.00s
[2022-09-23T02:19:52.461+0800][gc,marking    ] GC(4) Concurrent Cleanup for Next Mark
[2022-09-23T02:19:52.467+0800][gc,marking    ] GC(4) Concurrent Cleanup for Next Mark 5.781ms
[2022-09-23T02:19:52.467+0800][gc            ] GC(4) Concurrent Cycle 27.251ms
[2022-09-23T02:19:53.642+0800][gc,start      ] GC(5) Pause Young (Normal) (G1 Evacuation Pause)
[2022-09-23T02:19:53.642+0800][gc,task       ] GC(5) Using 8 workers of 8 for evacuation
[2022-09-23T02:19:53.653+0800][gc,phases     ] GC(5)   Pre Evacuate Collection Set: 0.0ms
[2022-09-23T02:19:53.653+0800][gc,phases     ] GC(5)   Evacuate Collection Set: 10.0ms
[2022-09-23T02:19:53.653+0800][gc,phases     ] GC(5)   Post Evacuate Collection Set: 0.5ms
[2022-09-23T02:19:53.653+0800][gc,phases     ] GC(5)   Other: 0.2ms
[2022-09-23T02:19:53.653+0800][gc,heap       ] GC(5) Eden regions: 48->0(44)
[2022-09-23T02:19:53.653+0800][gc,heap       ] GC(5) Survivor regions: 3->7(7)
[2022-09-23T02:19:53.653+0800][gc,heap       ] GC(5) Old regions: 7->7
[2022-09-23T02:19:53.653+0800][gc,heap       ] GC(5) Humongous regions: 129->129
[2022-09-23T02:19:53.653+0800][gc,metaspace  ] GC(5) Metaspace: 42719K->42719K(1087488K)
[2022-09-23T02:19:53.653+0800][gc            ] GC(5) Pause Young (Normal) (G1 Evacuation Pause) 186M->141M(1024M) 10.845ms
[2022-09-23T02:19:53.653+0800][gc,cpu        ] GC(5) User=0.06s Sys=0.02s Real=0.01s
[2022-09-23T02:21:54.624+0800][gc,heap,exit  ] Heap
[2022-09-23T02:21:54.625+0800][gc,heap,exit  ]  garbage-first heap   total 1048576K, used 164752K [0x00000007c0000000, 0x0000000800000000)
[2022-09-23T02:21:54.625+0800][gc,heap,exit  ]   region size 1024K, 27 young (27648K), 7 survivors (7168K)
[2022-09-23T02:21:54.625+0800][gc,heap,exit  ]  Metaspace       used 45172K, capacity 46833K, committed 47004K, reserved 1089536K
[2022-09-23T02:21:54.625+0800][gc,heap,exit  ]   class space    used 5319K, capacity 6098K, committed 6124K, reserved 1048576K
