[2022-09-23T02:19:21.667+0800][gc,heap] Heap region size: 1M
[2022-09-23T02:19:21.676+0800][gc     ] Using G1
[2022-09-23T02:19:21.676+0800][gc,heap,coops] Heap address: 0x00000007c0000000, size: 1024 MB, Compressed Oops mode: Zero based, Oop shift amount: 3
[2022-09-23T02:19:28.322+0800][gc,start     ] GC(0) Pause Young (Concurrent Start) (Metadata GC Threshold)
[2022-09-23T02:19:28.322+0800][gc,task      ] GC(0) Using 8 workers of 8 for evacuation
[2022-09-23T02:19:28.340+0800][gc,phases    ] GC(0)   Pre Evacuate Collection Set: 0.0ms
[2022-09-23T02:19:28.340+0800][gc,phases    ] GC(0)   Evacuate Collection Set: 16.8ms
[2022-09-23T02:19:28.340+0800][gc,phases    ] GC(0)   Post Evacuate Collection Set: 0.4ms
[2022-09-23T02:19:28.340+0800][gc,phases    ] GC(0)   Other: 0.9ms
[2022-09-23T02:19:28.340+0800][gc,heap      ] GC(0) Eden regions: 48->0(44)
[2022-09-23T02:19:28.340+0800][gc,heap      ] GC(0) Survivor regions: 0->7(7)
[2022-09-23T02:19:28.340+0800][gc,heap      ] GC(0) Old regions: 0->0
[2022-09-23T02:19:28.340+0800][gc,heap      ] GC(0) Humongous regions: 0->0
[2022-09-23T02:19:28.340+0800][gc,metaspace ] GC(0) Metaspace: 20765K->20765K(1069056K)
[2022-09-23T02:19:28.340+0800][gc           ] GC(0) Pause Young (Concurrent Start) (Metadata GC Threshold) 47M->6M(1024M) 18.369ms
[2022-09-23T02:19:28.340+0800][gc,cpu       ] GC(0) User=0.04s Sys=0.01s Real=0.02s
[2022-09-23T02:19:28.341+0800][gc           ] GC(1) Concurrent Cycle
[2022-09-23T02:19:28.341+0800][gc,marking   ] GC(1) Concurrent Clear Claimed Marks
[2022-09-23T02:19:28.341+0800][gc,marking   ] GC(1) Concurrent Clear Claimed Marks 0.053ms
[2022-09-23T02:19:28.341+0800][gc,marking   ] GC(1) Concurrent Scan Root Regions
[2022-09-23T02:19:28.343+0800][gc,marking   ] GC(1) Concurrent Scan Root Regions 2.398ms
[2022-09-23T02:19:28.343+0800][gc,marking   ] GC(1) Concurrent Mark (6.688s)
[2022-09-23T02:19:28.343+0800][gc,marking   ] GC(1) Concurrent Mark From Roots
[2022-09-23T02:19:28.343+0800][gc,task      ] GC(1) Using 2 workers of 2 for marking
[2022-09-23T02:19:28.343+0800][gc,marking   ] GC(1) Concurrent Mark From Roots 0.155ms
[2022-09-23T02:19:28.343+0800][gc,marking   ] GC(1) Concurrent Preclean
[2022-09-23T02:19:28.343+0800][gc,marking   ] GC(1) Concurrent Preclean 0.036ms
[2022-09-23T02:19:28.344+0800][gc,marking   ] GC(1) Concurrent Mark (6.688s, 6.689s) 0.233ms
[2022-09-23T02:19:28.345+0800][gc,start     ] GC(1) Pause Remark
[2022-09-23T02:19:28.350+0800][gc,stringtable] GC(1) Cleaned string and symbol table, strings: 7216 processed, 0 removed, symbols: 63725 processed, 34 removed
[2022-09-23T02:19:28.351+0800][gc            ] GC(1) Pause Remark 7M->7M(1024M) 5.817ms
[2022-09-23T02:19:28.351+0800][gc,cpu        ] GC(1) User=0.01s Sys=0.00s Real=0.01s
[2022-09-23T02:19:28.351+0800][gc,marking    ] GC(1) Concurrent Rebuild Remembered Sets
[2022-09-23T02:19:28.351+0800][gc,marking    ] GC(1) Concurrent Rebuild Remembered Sets 0.131ms
[2022-09-23T02:19:28.351+0800][gc,start      ] GC(1) Pause Cleanup
[2022-09-23T02:19:28.352+0800][gc            ] GC(1) Pause Cleanup 7M->7M(1024M) 0.100ms
[2022-09-23T02:19:28.352+0800][gc,cpu        ] GC(1) User=0.00s Sys=0.00s Real=0.00s
[2022-09-23T02:19:28.352+0800][gc,marking    ] GC(1) Concurrent Cleanup for Next Mark
[2022-09-23T02:19:28.356+0800][gc,marking    ] GC(1) Concurrent Cleanup for Next Mark 4.573ms
[2022-09-23T02:19:28.356+0800][gc            ] GC(1) Concurrent Cycle 15.580ms
[2022-09-23T02:19:29.606+0800][gc,start      ] GC(2) Pause Young (Normal) (G1 Evacuation Pause)
[2022-09-23T02:19:29.623+0800][gc,task       ] GC(2) Using 8 workers of 8 for evacuation
[2022-09-23T02:19:29.645+0800][gc,mmu        ] GC(2) MMU target violated: 21.0ms (20.0ms/21.0ms)
[2022-09-23T02:19:29.659+0800][gc,phases     ] GC(2)   Pre Evacuate Collection Set: 0.0ms
[2022-09-23T02:19:29.659+0800][gc,phases     ] GC(2)   Evacuate Collection Set: 21.4ms
[2022-09-23T02:19:29.659+0800][gc,phases     ] GC(2)   Post Evacuate Collection Set: 0.4ms
[2022-09-23T02:19:29.659+0800][gc,phases     ] GC(2)   Other: 31.2ms
[2022-09-23T02:19:29.659+0800][gc,heap       ] GC(2) Eden regions: 44->0(49)
[2022-09-23T02:19:29.659+0800][gc,heap       ] GC(2) Survivor regions: 7->2(7)
[2022-09-23T02:19:29.659+0800][gc,heap       ] GC(2) Old regions: 0->7
[2022-09-23T02:19:29.659+0800][gc,heap       ] GC(2) Humongous regions: 129->129
[2022-09-23T02:19:29.659+0800][gc,metaspace  ] GC(2) Metaspace: 29776K->29776K(1077248K)
[2022-09-23T02:19:29.659+0800][gc            ] GC(2) Pause Young (Normal) (G1 Evacuation Pause) 179M->137M(1024M) 53.156ms
[2022-09-23T02:19:29.659+0800][gc,cpu        ] GC(2) User=0.07s Sys=0.03s Real=0.05s
[2022-09-23T02:19:29.950+0800][gc,start      ] GC(3) Pause Young (Concurrent Start) (Metadata GC Threshold)
[2022-09-23T02:19:29.950+0800][gc,task       ] GC(3) Using 8 workers of 8 for evacuation
[2022-09-23T02:19:29.952+0800][gc,phases     ] GC(3)   Pre Evacuate Collection Set: 0.0ms
[2022-09-23T02:19:29.952+0800][gc,phases     ] GC(3)   Evacuate Collection Set: 2.2ms
[2022-09-23T02:19:29.952+0800][gc,phases     ] GC(3)   Post Evacuate Collection Set: 0.1ms
[2022-09-23T02:19:29.953+0800][gc,phases     ] GC(3)   Other: 0.2ms
[2022-09-23T02:19:29.953+0800][gc,heap       ] GC(3) Eden regions: 25->0(48)
[2022-09-23T02:19:29.953+0800][gc,heap       ] GC(3) Survivor regions: 2->3(7)
[2022-09-23T02:19:29.953+0800][gc,heap       ] GC(3) Old regions: 7->7
[2022-09-23T02:19:29.953+0800][gc,heap       ] GC(3) Humongous regions: 129->129
[2022-09-23T02:19:29.953+0800][gc,metaspace  ] GC(3) Metaspace: 34629K->34629K(1081344K)
[2022-09-23T02:19:29.953+0800][gc            ] GC(3) Pause Young (Concurrent Start) (Metadata GC Threshold) 162M->138M(1024M) 2.676ms
[2022-09-23T02:19:29.953+0800][gc,cpu        ] GC(3) User=0.01s Sys=0.00s Real=0.00s
[2022-09-23T02:19:29.953+0800][gc            ] GC(4) Concurrent Cycle
[2022-09-23T02:19:29.953+0800][gc,marking    ] GC(4) Concurrent Clear Claimed Marks
[2022-09-23T02:19:29.953+0800][gc,marking    ] GC(4) Concurrent Clear Claimed Marks 0.018ms
[2022-09-23T02:19:29.953+0800][gc,marking    ] GC(4) Concurrent Scan Root Regions
[2022-09-23T02:19:29.954+0800][gc,marking    ] GC(4) Concurrent Scan Root Regions 1.605ms
[2022-09-23T02:19:29.954+0800][gc,marking    ] GC(4) Concurrent Mark (8.299s)
[2022-09-23T02:19:29.954+0800][gc,marking    ] GC(4) Concurrent Mark From Roots
[2022-09-23T02:19:29.954+0800][gc,task       ] GC(4) Using 2 workers of 2 for marking
[2022-09-23T02:19:29.962+0800][gc,marking    ] GC(4) Concurrent Mark From Roots 7.436ms
[2022-09-23T02:19:29.962+0800][gc,marking    ] GC(4) Concurrent Preclean
[2022-09-23T02:19:29.962+0800][gc,marking    ] GC(4) Concurrent Preclean 0.056ms
[2022-09-23T02:19:29.962+0800][gc,marking    ] GC(4) Concurrent Mark (8.299s, 8.307s) 7.543ms
[2022-09-23T02:19:29.962+0800][gc,start      ] GC(4) Pause Remark
[2022-09-23T02:19:29.969+0800][gc,stringtable] GC(4) Cleaned string and symbol table, strings: 10663 processed, 9 removed, symbols: 95780 processed, 21 removed
[2022-09-23T02:19:29.969+0800][gc            ] GC(4) Pause Remark 138M->138M(1024M) 6.831ms
[2022-09-23T02:19:29.969+0800][gc,cpu        ] GC(4) User=0.01s Sys=0.01s Real=0.00s
[2022-09-23T02:19:29.969+0800][gc,marking    ] GC(4) Concurrent Rebuild Remembered Sets
[2022-09-23T02:19:29.973+0800][gc,marking    ] GC(4) Concurrent Rebuild Remembered Sets 3.274ms
[2022-09-23T02:19:29.973+0800][gc,start      ] GC(4) Pause Cleanup
[2022-09-23T02:19:29.973+0800][gc            ] GC(4) Pause Cleanup 138M->138M(1024M) 0.088ms
[2022-09-23T02:19:29.973+0800][gc,cpu        ] GC(4) User=0.00s Sys=0.00s Real=0.00s
[2022-09-23T02:19:29.973+0800][gc,marking    ] GC(4) Concurrent Cleanup for Next Mark
[2022-09-23T02:19:29.985+0800][gc,marking    ] GC(4) Concurrent Cleanup for Next Mark 11.810ms
[2022-09-23T02:19:29.985+0800][gc            ] GC(4) Concurrent Cycle 32.144ms
[2022-09-23T02:19:31.177+0800][gc,start      ] GC(5) Pause Young (Normal) (G1 Evacuation Pause)
[2022-09-23T02:19:31.177+0800][gc,task       ] GC(5) Using 8 workers of 8 for evacuation
[2022-09-23T02:19:31.189+0800][gc,phases     ] GC(5)   Pre Evacuate Collection Set: 0.0ms
[2022-09-23T02:19:31.189+0800][gc,phases     ] GC(5)   Evacuate Collection Set: 10.9ms
[2022-09-23T02:19:31.189+0800][gc,phases     ] GC(5)   Post Evacuate Collection Set: 0.5ms
[2022-09-23T02:19:31.189+0800][gc,phases     ] GC(5)   Other: 0.2ms
[2022-09-23T02:19:31.189+0800][gc,heap       ] GC(5) Eden regions: 48->0(44)
[2022-09-23T02:19:31.189+0800][gc,heap       ] GC(5) Survivor regions: 3->7(7)
[2022-09-23T02:19:31.189+0800][gc,heap       ] GC(5) Old regions: 7->7
[2022-09-23T02:19:31.189+0800][gc,heap       ] GC(5) Humongous regions: 129->129
[2022-09-23T02:19:31.189+0800][gc,metaspace  ] GC(5) Metaspace: 42490K->42490K(1087488K)
[2022-09-23T02:19:31.189+0800][gc            ] GC(5) Pause Young (Normal) (G1 Evacuation Pause) 186M->141M(1024M) 11.749ms
[2022-09-23T02:19:31.189+0800][gc,cpu        ] GC(5) User=0.06s Sys=0.01s Real=0.01s
[2022-09-23T02:21:50.640+0800][gc,heap,exit  ] Heap
[2022-09-23T02:21:50.640+0800][gc,heap,exit  ]  garbage-first heap   total 1048576K, used 166764K [0x00000007c0000000, 0x0000000800000000)
[2022-09-23T02:21:50.640+0800][gc,heap,exit  ]   region size 1024K, 30 young (30720K), 7 survivors (7168K)
[2022-09-23T02:21:50.640+0800][gc,heap,exit  ]  Metaspace       used 45288K, capacity 47006K, committed 47408K, reserved 1091584K
[2022-09-23T02:21:50.641+0800][gc,heap,exit  ]   class space    used 5363K, capacity 6153K, committed 6272K, reserved 1048576K
