[2022-09-23T22:13:48.990+0800][gc,heap] Heap region size: 1M
[2022-09-23T22:13:49.015+0800][gc     ] Using G1
[2022-09-23T22:13:49.027+0800][gc,heap,coops] Heap address: 0x00000007c0000000, size: 1024 MB, Compressed Oops mode: Zero based, Oop shift amount: 3
[2022-09-23T22:13:55.760+0800][gc,start     ] GC(0) Pause Young (Concurrent Start) (Metadata GC Threshold)
[2022-09-23T22:13:55.760+0800][gc,task      ] GC(0) Using 8 workers of 8 for evacuation
[2022-09-23T22:13:55.777+0800][gc,phases    ] GC(0)   Pre Evacuate Collection Set: 0.0ms
[2022-09-23T22:13:55.777+0800][gc,phases    ] GC(0)   Evacuate Collection Set: 15.6ms
[2022-09-23T22:13:55.777+0800][gc,phases    ] GC(0)   Post Evacuate Collection Set: 0.5ms
[2022-09-23T22:13:55.777+0800][gc,phases    ] GC(0)   Other: 1.0ms
[2022-09-23T22:13:55.777+0800][gc,heap      ] GC(0) Eden regions: 47->0(44)
[2022-09-23T22:13:55.777+0800][gc,heap      ] GC(0) Survivor regions: 0->7(7)
[2022-09-23T22:13:55.777+0800][gc,heap      ] GC(0) Old regions: 0->0
[2022-09-23T22:13:55.777+0800][gc,heap      ] GC(0) Humongous regions: 0->0
[2022-09-23T22:13:55.777+0800][gc,metaspace ] GC(0) Metaspace: 20764K->20764K(1069056K)
[2022-09-23T22:13:55.777+0800][gc           ] GC(0) Pause Young (Concurrent Start) (Metadata GC Threshold) 47M->6M(1024M) 17.274ms
[2022-09-23T22:13:55.777+0800][gc,cpu       ] GC(0) User=0.04s Sys=0.02s Real=0.01s
[2022-09-23T22:13:55.777+0800][gc           ] GC(1) Concurrent Cycle
[2022-09-23T22:13:55.778+0800][gc,marking   ] GC(1) Concurrent Clear Claimed Marks
[2022-09-23T22:13:55.778+0800][gc,marking   ] GC(1) Concurrent Clear Claimed Marks 0.128ms
[2022-09-23T22:13:55.778+0800][gc,marking   ] GC(1) Concurrent Scan Root Regions
[2022-09-23T22:13:55.780+0800][gc,marking   ] GC(1) Concurrent Scan Root Regions 2.325ms
[2022-09-23T22:13:55.780+0800][gc,marking   ] GC(1) Concurrent Mark (6.835s)
[2022-09-23T22:13:55.780+0800][gc,marking   ] GC(1) Concurrent Mark From Roots
[2022-09-23T22:13:55.780+0800][gc,task      ] GC(1) Using 2 workers of 2 for marking
[2022-09-23T22:13:55.780+0800][gc,marking   ] GC(1) Concurrent Mark From Roots 0.169ms
[2022-09-23T22:13:55.780+0800][gc,marking   ] GC(1) Concurrent Preclean
[2022-09-23T22:13:55.780+0800][gc,marking   ] GC(1) Concurrent Preclean 0.041ms
[2022-09-23T22:13:55.780+0800][gc,marking   ] GC(1) Concurrent Mark (6.835s, 6.836s) 0.270ms
[2022-09-23T22:13:55.781+0800][gc,start     ] GC(1) Pause Remark
[2022-09-23T22:13:55.787+0800][gc,stringtable] GC(1) Cleaned string and symbol table, strings: 7228 processed, 0 removed, symbols: 63725 processed, 34 removed
[2022-09-23T22:13:55.788+0800][gc            ] GC(1) Pause Remark 7M->7M(1024M) 6.104ms
[2022-09-23T22:13:55.788+0800][gc,cpu        ] GC(1) User=0.01s Sys=0.01s Real=0.00s
[2022-09-23T22:13:55.788+0800][gc,marking    ] GC(1) Concurrent Rebuild Remembered Sets
[2022-09-23T22:13:55.788+0800][gc,marking    ] GC(1) Concurrent Rebuild Remembered Sets 0.049ms
[2022-09-23T22:13:55.788+0800][gc,start      ] GC(1) Pause Cleanup
[2022-09-23T22:13:55.789+0800][gc            ] GC(1) Pause Cleanup 7M->7M(1024M) 0.154ms
[2022-09-23T22:13:55.789+0800][gc,cpu        ] GC(1) User=0.00s Sys=0.00s Real=0.00s
[2022-09-23T22:13:55.789+0800][gc,marking    ] GC(1) Concurrent Cleanup for Next Mark
[2022-09-23T22:13:55.793+0800][gc,marking    ] GC(1) Concurrent Cleanup for Next Mark 4.102ms
[2022-09-23T22:13:55.793+0800][gc            ] GC(1) Concurrent Cycle 15.332ms
[2022-09-23T22:13:57.052+0800][gc,start      ] GC(2) Pause Young (Normal) (G1 Evacuation Pause)
[2022-09-23T22:13:57.052+0800][gc,task       ] GC(2) Using 8 workers of 8 for evacuation
[2022-09-23T22:13:57.073+0800][gc,mmu        ] GC(2) MMU target violated: 20.5ms (20.0ms/21.0ms)
[2022-09-23T22:13:57.073+0800][gc,phases     ] GC(2)   Pre Evacuate Collection Set: 0.0ms
[2022-09-23T22:13:57.073+0800][gc,phases     ] GC(2)   Evacuate Collection Set: 20.0ms
[2022-09-23T22:13:57.073+0800][gc,phases     ] GC(2)   Post Evacuate Collection Set: 0.4ms
[2022-09-23T22:13:57.073+0800][gc,phases     ] GC(2)   Other: 0.2ms
[2022-09-23T22:13:57.073+0800][gc,heap       ] GC(2) Eden regions: 44->0(48)
[2022-09-23T22:13:57.073+0800][gc,heap       ] GC(2) Survivor regions: 7->3(7)
[2022-09-23T22:13:57.073+0800][gc,heap       ] GC(2) Old regions: 0->7
[2022-09-23T22:13:57.073+0800][gc,heap       ] GC(2) Humongous regions: 129->129
[2022-09-23T22:13:57.073+0800][gc,metaspace  ] GC(2) Metaspace: 29766K->29766K(1077248K)
[2022-09-23T22:13:57.073+0800][gc            ] GC(2) Pause Young (Normal) (G1 Evacuation Pause) 179M->137M(1024M) 20.814ms
[2022-09-23T22:13:57.073+0800][gc,cpu        ] GC(2) User=0.08s Sys=0.04s Real=0.02s
[2022-09-23T22:13:57.371+0800][gc,start      ] GC(3) Pause Young (Concurrent Start) (Metadata GC Threshold)
[2022-09-23T22:13:57.371+0800][gc,task       ] GC(3) Using 8 workers of 8 for evacuation
[2022-09-23T22:13:57.376+0800][gc,phases     ] GC(3)   Pre Evacuate Collection Set: 0.0ms
[2022-09-23T22:13:57.376+0800][gc,phases     ] GC(3)   Evacuate Collection Set: 4.7ms
[2022-09-23T22:13:57.376+0800][gc,phases     ] GC(3)   Post Evacuate Collection Set: 0.3ms
[2022-09-23T22:13:57.376+0800][gc,phases     ] GC(3)   Other: 0.2ms
[2022-09-23T22:13:57.376+0800][gc,heap       ] GC(3) Eden regions: 26->0(48)
[2022-09-23T22:13:57.376+0800][gc,heap       ] GC(3) Survivor regions: 3->3(7)
[2022-09-23T22:13:57.376+0800][gc,heap       ] GC(3) Old regions: 7->7
[2022-09-23T22:13:57.376+0800][gc,heap       ] GC(3) Humongous regions: 129->129
[2022-09-23T22:13:57.376+0800][gc,metaspace  ] GC(3) Metaspace: 34671K->34671K(1081344K)
[2022-09-23T22:13:57.376+0800][gc            ] GC(3) Pause Young (Concurrent Start) (Metadata GC Threshold) 163M->138M(1024M) 5.297ms
[2022-09-23T22:13:57.376+0800][gc,cpu        ] GC(3) User=0.02s Sys=0.00s Real=0.00s
[2022-09-23T22:13:57.376+0800][gc            ] GC(4) Concurrent Cycle
[2022-09-23T22:13:57.376+0800][gc,marking    ] GC(4) Concurrent Clear Claimed Marks
[2022-09-23T22:13:57.376+0800][gc,marking    ] GC(4) Concurrent Clear Claimed Marks 0.019ms
[2022-09-23T22:13:57.376+0800][gc,marking    ] GC(4) Concurrent Scan Root Regions
[2022-09-23T22:13:57.378+0800][gc,marking    ] GC(4) Concurrent Scan Root Regions 1.445ms
[2022-09-23T22:13:57.378+0800][gc,marking    ] GC(4) Concurrent Mark (8.433s)
[2022-09-23T22:13:57.378+0800][gc,marking    ] GC(4) Concurrent Mark From Roots
[2022-09-23T22:13:57.378+0800][gc,task       ] GC(4) Using 2 workers of 2 for marking
[2022-09-23T22:13:57.384+0800][gc,marking    ] GC(4) Concurrent Mark From Roots 5.892ms
[2022-09-23T22:13:57.384+0800][gc,marking    ] GC(4) Concurrent Preclean
[2022-09-23T22:13:57.384+0800][gc,marking    ] GC(4) Concurrent Preclean 0.064ms
[2022-09-23T22:13:57.384+0800][gc,marking    ] GC(4) Concurrent Mark (8.433s, 8.439s) 6.022ms
[2022-09-23T22:13:57.384+0800][gc,start      ] GC(4) Pause Remark
[2022-09-23T22:13:57.392+0800][gc,stringtable] GC(4) Cleaned string and symbol table, strings: 10677 processed, 9 removed, symbols: 94988 processed, 25 removed
[2022-09-23T22:13:57.392+0800][gc            ] GC(4) Pause Remark 138M->138M(1024M) 7.758ms
[2022-09-23T22:13:57.392+0800][gc,cpu        ] GC(4) User=0.01s Sys=0.01s Real=0.01s
[2022-09-23T22:13:57.392+0800][gc,marking    ] GC(4) Concurrent Rebuild Remembered Sets
[2022-09-23T22:13:57.395+0800][gc,marking    ] GC(4) Concurrent Rebuild Remembered Sets 3.163ms
[2022-09-23T22:13:57.396+0800][gc,start      ] GC(4) Pause Cleanup
[2022-09-23T22:13:57.396+0800][gc            ] GC(4) Pause Cleanup 138M->138M(1024M) 0.154ms
[2022-09-23T22:13:57.396+0800][gc,cpu        ] GC(4) User=0.00s Sys=0.00s Real=0.00s
[2022-09-23T22:13:57.396+0800][gc,marking    ] GC(4) Concurrent Cleanup for Next Mark
[2022-09-23T22:13:57.404+0800][gc,marking    ] GC(4) Concurrent Cleanup for Next Mark 7.913ms
[2022-09-23T22:13:57.406+0800][gc            ] GC(4) Concurrent Cycle 29.893ms
[2022-09-23T22:13:58.590+0800][gc,start      ] GC(5) Pause Young (Normal) (G1 Evacuation Pause)
[2022-09-23T22:13:58.590+0800][gc,task       ] GC(5) Using 8 workers of 8 for evacuation
[2022-09-23T22:13:58.600+0800][gc,phases     ] GC(5)   Pre Evacuate Collection Set: 0.0ms
[2022-09-23T22:13:58.600+0800][gc,phases     ] GC(5)   Evacuate Collection Set: 9.7ms
[2022-09-23T22:13:58.600+0800][gc,phases     ] GC(5)   Post Evacuate Collection Set: 0.4ms
[2022-09-23T22:13:58.601+0800][gc,phases     ] GC(5)   Other: 0.2ms
[2022-09-23T22:13:58.601+0800][gc,heap       ] GC(5) Eden regions: 48->0(44)
[2022-09-23T22:13:58.601+0800][gc,heap       ] GC(5) Survivor regions: 3->7(7)
[2022-09-23T22:13:58.601+0800][gc,heap       ] GC(5) Old regions: 7->7
[2022-09-23T22:13:58.601+0800][gc,heap       ] GC(5) Humongous regions: 129->129
[2022-09-23T22:13:58.601+0800][gc,metaspace  ] GC(5) Metaspace: 42444K->42444K(1087488K)
[2022-09-23T22:13:58.601+0800][gc            ] GC(5) Pause Young (Normal) (G1 Evacuation Pause) 186M->141M(1024M) 10.459ms
[2022-09-23T22:13:58.601+0800][gc,cpu        ] GC(5) User=0.06s Sys=0.01s Real=0.01s
[2022-09-23T22:19:34.185+0800][gc,start      ] GC(6) Pause Young (Normal) (G1 Evacuation Pause)
[2022-09-23T22:19:34.186+0800][gc,task       ] GC(6) Using 8 workers of 8 for evacuation
[2022-09-23T22:19:34.205+0800][gc,phases     ] GC(6)   Pre Evacuate Collection Set: 0.0ms
[2022-09-23T22:19:34.205+0800][gc,phases     ] GC(6)   Evacuate Collection Set: 18.4ms
[2022-09-23T22:19:34.205+0800][gc,phases     ] GC(6)   Post Evacuate Collection Set: 0.8ms
[2022-09-23T22:19:34.205+0800][gc,phases     ] GC(6)   Other: 0.4ms
[2022-09-23T22:19:34.205+0800][gc,heap       ] GC(6) Eden regions: 44->0(47)
[2022-09-23T22:19:34.205+0800][gc,heap       ] GC(6) Survivor regions: 7->4(7)
[2022-09-23T22:19:34.205+0800][gc,heap       ] GC(6) Old regions: 7->13
[2022-09-23T22:19:34.205+0800][gc,heap       ] GC(6) Humongous regions: 129->129
[2022-09-23T22:19:34.205+0800][gc,metaspace  ] GC(6) Metaspace: 49516K->49516K(1093632K)
[2022-09-23T22:19:34.205+0800][gc            ] GC(6) Pause Young (Normal) (G1 Evacuation Pause) 185M->144M(1024M) 19.763ms
[2022-09-23T22:19:34.205+0800][gc,cpu        ] GC(6) User=0.07s Sys=0.03s Real=0.02s
[2022-09-23T22:25:07.502+0800][gc,start      ] GC(7) Pause Young (Normal) (G1 Evacuation Pause)
[2022-09-23T22:25:07.502+0800][gc,task       ] GC(7) Using 8 workers of 8 for evacuation
[2022-09-23T22:25:07.531+0800][gc,mmu        ] GC(7) MMU target violated: 21.0ms (20.0ms/21.0ms)
[2022-09-23T22:25:07.531+0800][gc,phases     ] GC(7)   Pre Evacuate Collection Set: 0.1ms
[2022-09-23T22:25:07.531+0800][gc,phases     ] GC(7)   Evacuate Collection Set: 28.0ms
[2022-09-23T22:25:07.531+0800][gc,phases     ] GC(7)   Post Evacuate Collection Set: 0.5ms
[2022-09-23T22:25:07.531+0800][gc,phases     ] GC(7)   Other: 0.9ms
[2022-09-23T22:25:07.532+0800][gc,heap       ] GC(7) Eden regions: 47->0(46)
[2022-09-23T22:25:07.532+0800][gc,heap       ] GC(7) Survivor regions: 4->5(7)
[2022-09-23T22:25:07.532+0800][gc,heap       ] GC(7) Old regions: 13->13
[2022-09-23T22:25:07.532+0800][gc,heap       ] GC(7) Humongous regions: 129->129
[2022-09-23T22:25:07.532+0800][gc,metaspace  ] GC(7) Metaspace: 50828K->50828K(1095680K)
[2022-09-23T22:25:07.532+0800][gc            ] GC(7) Pause Young (Normal) (G1 Evacuation Pause) 191M->145M(1024M) 29.614ms
[2022-09-23T22:25:07.532+0800][gc,cpu        ] GC(7) User=0.09s Sys=0.02s Real=0.03s
[2022-09-23T22:31:15.834+0800][gc,start      ] GC(8) Pause Young (Normal) (G1 Evacuation Pause)
[2022-09-23T22:31:15.834+0800][gc,task       ] GC(8) Using 8 workers of 8 for evacuation
[2022-09-23T22:31:15.865+0800][gc,mmu        ] GC(8) MMU target violated: 21.0ms (20.0ms/21.0ms)
[2022-09-23T22:31:15.872+0800][gc,phases     ] GC(8)   Pre Evacuate Collection Set: 0.3ms
[2022-09-23T22:31:15.872+0800][gc,phases     ] GC(8)   Evacuate Collection Set: 28.9ms
[2022-09-23T22:31:15.872+0800][gc,phases     ] GC(8)   Post Evacuate Collection Set: 0.5ms
[2022-09-23T22:31:15.872+0800][gc,phases     ] GC(8)   Other: 8.6ms
[2022-09-23T22:31:15.872+0800][gc,heap       ] GC(8) Eden regions: 46->0(47)
[2022-09-23T22:31:15.872+0800][gc,heap       ] GC(8) Survivor regions: 5->4(7)
[2022-09-23T22:31:15.872+0800][gc,heap       ] GC(8) Old regions: 13->15
[2022-09-23T22:31:15.872+0800][gc,heap       ] GC(8) Humongous regions: 129->129
[2022-09-23T22:31:15.872+0800][gc,metaspace  ] GC(8) Metaspace: 50986K->50986K(1095680K)
[2022-09-23T22:31:15.872+0800][gc            ] GC(8) Pause Young (Normal) (G1 Evacuation Pause) 191M->146M(1024M) 38.367ms
[2022-09-23T22:31:15.872+0800][gc,cpu        ] GC(8) User=0.09s Sys=0.03s Real=0.04s
[2022-09-23T22:37:55.824+0800][gc,start      ] GC(9) Pause Young (Normal) (G1 Evacuation Pause)
[2022-09-23T22:37:55.824+0800][gc,task       ] GC(9) Using 8 workers of 8 for evacuation
[2022-09-23T22:37:55.843+0800][gc,phases     ] GC(9)   Pre Evacuate Collection Set: 0.1ms
[2022-09-23T22:37:55.843+0800][gc,phases     ] GC(9)   Evacuate Collection Set: 17.6ms
[2022-09-23T22:37:55.843+0800][gc,phases     ] GC(9)   Post Evacuate Collection Set: 0.6ms
[2022-09-23T22:37:55.843+0800][gc,phases     ] GC(9)   Other: 0.9ms
[2022-09-23T22:37:55.843+0800][gc,heap       ] GC(9) Eden regions: 47->0(54)
[2022-09-23T22:37:55.843+0800][gc,heap       ] GC(9) Survivor regions: 4->4(7)
[2022-09-23T22:37:55.843+0800][gc,heap       ] GC(9) Old regions: 15->15
[2022-09-23T22:37:55.843+0800][gc,heap       ] GC(9) Humongous regions: 129->129
[2022-09-23T22:37:55.843+0800][gc,metaspace  ] GC(9) Metaspace: 51117K->51117K(1095680K)
[2022-09-23T22:37:55.843+0800][gc            ] GC(9) Pause Young (Normal) (G1 Evacuation Pause) 193M->146M(1024M) 19.438ms
[2022-09-23T22:37:55.843+0800][gc,cpu        ] GC(9) User=0.05s Sys=0.01s Real=0.02s
