[2022-09-23T02:22:26.126+0800][gc,heap] Heap region size: 1M
[2022-09-23T02:22:26.135+0800][gc     ] Using G1
[2022-09-23T02:22:26.135+0800][gc,heap,coops] Heap address: 0x00000007c0000000, size: 1024 MB, Compressed Oops mode: Zero based, Oop shift amount: 3
[2022-09-23T02:22:32.752+0800][gc,start     ] GC(0) Pause Young (Concurrent Start) (Metadata GC Threshold)
[2022-09-23T02:22:32.753+0800][gc,task      ] GC(0) Using 8 workers of 8 for evacuation
[2022-09-23T02:22:32.773+0800][gc,mmu       ] GC(0) MMU target violated: 20.0ms (20.0ms/21.0ms)
[2022-09-23T02:22:32.773+0800][gc,phases    ] GC(0)   Pre Evacuate Collection Set: 0.0ms
[2022-09-23T02:22:32.773+0800][gc,phases    ] GC(0)   Evacuate Collection Set: 19.2ms
[2022-09-23T02:22:32.773+0800][gc,phases    ] GC(0)   Post Evacuate Collection Set: 0.5ms
[2022-09-23T02:22:32.773+0800][gc,phases    ] GC(0)   Other: 1.0ms
[2022-09-23T02:22:32.773+0800][gc,heap      ] GC(0) Eden regions: 47->0(44)
[2022-09-23T02:22:32.773+0800][gc,heap      ] GC(0) Survivor regions: 0->7(7)
[2022-09-23T02:22:32.773+0800][gc,heap      ] GC(0) Old regions: 0->0
[2022-09-23T02:22:32.773+0800][gc,heap      ] GC(0) Humongous regions: 0->0
[2022-09-23T02:22:32.773+0800][gc,metaspace ] GC(0) Metaspace: 20757K->20757K(1069056K)
[2022-09-23T02:22:32.773+0800][gc           ] GC(0) Pause Young (Concurrent Start) (Metadata GC Threshold) 47M->6M(1024M) 20.821ms
[2022-09-23T02:22:32.773+0800][gc,cpu       ] GC(0) User=0.05s Sys=0.02s Real=0.02s
[2022-09-23T02:22:32.774+0800][gc           ] GC(1) Concurrent Cycle
[2022-09-23T02:22:32.774+0800][gc,marking   ] GC(1) Concurrent Clear Claimed Marks
[2022-09-23T02:22:32.774+0800][gc,marking   ] GC(1) Concurrent Clear Claimed Marks 0.034ms
[2022-09-23T02:22:32.774+0800][gc,marking   ] GC(1) Concurrent Scan Root Regions
[2022-09-23T02:22:32.776+0800][gc,marking   ] GC(1) Concurrent Scan Root Regions 2.384ms
[2022-09-23T02:22:32.776+0800][gc,marking   ] GC(1) Concurrent Mark (6.662s)
[2022-09-23T02:22:32.776+0800][gc,marking   ] GC(1) Concurrent Mark From Roots
[2022-09-23T02:22:32.776+0800][gc,task      ] GC(1) Using 2 workers of 2 for marking
[2022-09-23T02:22:32.776+0800][gc,marking   ] GC(1) Concurrent Mark From Roots 0.243ms
[2022-09-23T02:22:32.776+0800][gc,marking   ] GC(1) Concurrent Preclean
[2022-09-23T02:22:32.776+0800][gc,marking   ] GC(1) Concurrent Preclean 0.036ms
[2022-09-23T02:22:32.776+0800][gc,marking   ] GC(1) Concurrent Mark (6.662s, 6.662s) 0.323ms
[2022-09-23T02:22:32.777+0800][gc,start     ] GC(1) Pause Remark
[2022-09-23T02:22:32.782+0800][gc,stringtable] GC(1) Cleaned string and symbol table, strings: 7216 processed, 0 removed, symbols: 63725 processed, 34 removed
[2022-09-23T02:22:32.783+0800][gc            ] GC(1) Pause Remark 7M->7M(1024M) 5.891ms
[2022-09-23T02:22:32.783+0800][gc,cpu        ] GC(1) User=0.01s Sys=0.01s Real=0.01s
[2022-09-23T02:22:32.783+0800][gc,marking    ] GC(1) Concurrent Rebuild Remembered Sets
[2022-09-23T02:22:32.783+0800][gc,marking    ] GC(1) Concurrent Rebuild Remembered Sets 0.120ms
[2022-09-23T02:22:32.784+0800][gc,start      ] GC(1) Pause Cleanup
[2022-09-23T02:22:32.784+0800][gc            ] GC(1) Pause Cleanup 7M->7M(1024M) 0.127ms
[2022-09-23T02:22:32.784+0800][gc,cpu        ] GC(1) User=0.00s Sys=0.00s Real=0.00s
[2022-09-23T02:22:32.784+0800][gc,marking    ] GC(1) Concurrent Cleanup for Next Mark
[2022-09-23T02:22:32.788+0800][gc,marking    ] GC(1) Concurrent Cleanup for Next Mark 3.978ms
[2022-09-23T02:22:32.788+0800][gc            ] GC(1) Concurrent Cycle 14.370ms
[2022-09-23T02:22:34.406+0800][gc,start      ] GC(2) Pause Young (Normal) (G1 Evacuation Pause)
[2022-09-23T02:22:34.406+0800][gc,task       ] GC(2) Using 8 workers of 8 for evacuation
[2022-09-23T02:22:34.439+0800][gc,mmu        ] GC(2) MMU target violated: 21.0ms (20.0ms/21.0ms)
[2022-09-23T02:22:34.439+0800][gc,phases     ] GC(2)   Pre Evacuate Collection Set: 0.0ms
[2022-09-23T02:22:34.439+0800][gc,phases     ] GC(2)   Evacuate Collection Set: 31.4ms
[2022-09-23T02:22:34.439+0800][gc,phases     ] GC(2)   Post Evacuate Collection Set: 0.9ms
[2022-09-23T02:22:34.439+0800][gc,phases     ] GC(2)   Other: 0.4ms
[2022-09-23T02:22:34.439+0800][gc,heap       ] GC(2) Eden regions: 44->0(48)
[2022-09-23T02:22:34.439+0800][gc,heap       ] GC(2) Survivor regions: 7->3(7)
[2022-09-23T02:22:34.439+0800][gc,heap       ] GC(2) Old regions: 0->7
[2022-09-23T02:22:34.439+0800][gc,heap       ] GC(2) Humongous regions: 129->129
[2022-09-23T02:22:34.439+0800][gc,metaspace  ] GC(2) Metaspace: 29796K->29796K(1077248K)
[2022-09-23T02:22:34.439+0800][gc            ] GC(2) Pause Young (Normal) (G1 Evacuation Pause) 179M->137M(1024M) 32.837ms
[2022-09-23T02:22:34.439+0800][gc,cpu        ] GC(2) User=0.08s Sys=0.04s Real=0.03s
[2022-09-23T02:22:34.907+0800][gc,start      ] GC(3) Pause Young (Concurrent Start) (Metadata GC Threshold)
[2022-09-23T02:22:34.908+0800][gc,task       ] GC(3) Using 8 workers of 8 for evacuation
[2022-09-23T02:22:34.913+0800][gc,phases     ] GC(3)   Pre Evacuate Collection Set: 0.1ms
[2022-09-23T02:22:34.913+0800][gc,phases     ] GC(3)   Evacuate Collection Set: 4.6ms
[2022-09-23T02:22:34.913+0800][gc,phases     ] GC(3)   Post Evacuate Collection Set: 0.4ms
[2022-09-23T02:22:34.913+0800][gc,phases     ] GC(3)   Other: 0.4ms
[2022-09-23T02:22:34.913+0800][gc,heap       ] GC(3) Eden regions: 25->0(48)
[2022-09-23T02:22:34.913+0800][gc,heap       ] GC(3) Survivor regions: 3->3(7)
[2022-09-23T02:22:34.913+0800][gc,heap       ] GC(3) Old regions: 7->7
[2022-09-23T02:22:34.913+0800][gc,heap       ] GC(3) Humongous regions: 129->129
[2022-09-23T02:22:34.913+0800][gc,metaspace  ] GC(3) Metaspace: 34667K->34667K(1081344K)
[2022-09-23T02:22:34.913+0800][gc            ] GC(3) Pause Young (Concurrent Start) (Metadata GC Threshold) 162M->138M(1024M) 5.689ms
[2022-09-23T02:22:34.913+0800][gc,cpu        ] GC(3) User=0.02s Sys=0.00s Real=0.01s
[2022-09-23T02:22:34.913+0800][gc            ] GC(4) Concurrent Cycle
[2022-09-23T02:22:34.913+0800][gc,marking    ] GC(4) Concurrent Clear Claimed Marks
[2022-09-23T02:22:34.913+0800][gc,marking    ] GC(4) Concurrent Clear Claimed Marks 0.116ms
[2022-09-23T02:22:34.913+0800][gc,marking    ] GC(4) Concurrent Scan Root Regions
[2022-09-23T02:22:34.916+0800][gc,marking    ] GC(4) Concurrent Scan Root Regions 2.356ms
[2022-09-23T02:22:34.916+0800][gc,marking    ] GC(4) Concurrent Mark (8.802s)
[2022-09-23T02:22:34.916+0800][gc,marking    ] GC(4) Concurrent Mark From Roots
[2022-09-23T02:22:34.916+0800][gc,task       ] GC(4) Using 2 workers of 2 for marking
[2022-09-23T02:22:34.922+0800][gc,marking    ] GC(4) Concurrent Mark From Roots 5.927ms
[2022-09-23T02:22:34.922+0800][gc,marking    ] GC(4) Concurrent Preclean
[2022-09-23T02:22:34.924+0800][gc,marking    ] GC(4) Concurrent Preclean 1.674ms
[2022-09-23T02:22:34.924+0800][gc,marking    ] GC(4) Concurrent Mark (8.802s, 8.810s) 7.736ms
[2022-09-23T02:22:34.924+0800][gc,start      ] GC(4) Pause Remark
[2022-09-23T02:22:34.937+0800][gc,stringtable] GC(4) Cleaned string and symbol table, strings: 10681 processed, 10 removed, symbols: 94988 processed, 25 removed
[2022-09-23T02:22:34.938+0800][gc            ] GC(4) Pause Remark 138M->138M(1024M) 13.643ms
[2022-09-23T02:22:34.938+0800][gc,cpu        ] GC(4) User=0.02s Sys=0.02s Real=0.01s
[2022-09-23T02:22:34.938+0800][gc,marking    ] GC(4) Concurrent Rebuild Remembered Sets
[2022-09-23T02:22:34.943+0800][gc,marking    ] GC(4) Concurrent Rebuild Remembered Sets 5.069ms
[2022-09-23T02:22:34.944+0800][gc,start      ] GC(4) Pause Cleanup
[2022-09-23T02:22:34.944+0800][gc            ] GC(4) Pause Cleanup 138M->138M(1024M) 0.255ms
[2022-09-23T02:22:34.944+0800][gc,cpu        ] GC(4) User=0.00s Sys=0.00s Real=0.00s
[2022-09-23T02:22:34.944+0800][gc,marking    ] GC(4) Concurrent Cleanup for Next Mark
[2022-09-23T02:22:34.951+0800][gc,marking    ] GC(4) Concurrent Cleanup for Next Mark 6.935ms
[2022-09-23T02:22:34.951+0800][gc            ] GC(4) Concurrent Cycle 37.678ms
[2022-09-23T02:22:36.839+0800][gc,start      ] GC(5) Pause Young (Normal) (G1 Evacuation Pause)
[2022-09-23T02:22:36.839+0800][gc,task       ] GC(5) Using 8 workers of 8 for evacuation
[2022-09-23T02:22:36.853+0800][gc,phases     ] GC(5)   Pre Evacuate Collection Set: 0.0ms
[2022-09-23T02:22:36.853+0800][gc,phases     ] GC(5)   Evacuate Collection Set: 13.2ms
[2022-09-23T02:22:36.853+0800][gc,phases     ] GC(5)   Post Evacuate Collection Set: 0.6ms
[2022-09-23T02:22:36.853+0800][gc,phases     ] GC(5)   Other: 0.3ms
[2022-09-23T02:22:36.853+0800][gc,heap       ] GC(5) Eden regions: 48->0(44)
[2022-09-23T02:22:36.853+0800][gc,heap       ] GC(5) Survivor regions: 3->7(7)
[2022-09-23T02:22:36.853+0800][gc,heap       ] GC(5) Old regions: 7->7
[2022-09-23T02:22:36.854+0800][gc,heap       ] GC(5) Humongous regions: 129->129
[2022-09-23T02:22:36.854+0800][gc,metaspace  ] GC(5) Metaspace: 42505K->42505K(1087488K)
[2022-09-23T02:22:36.854+0800][gc            ] GC(5) Pause Young (Normal) (G1 Evacuation Pause) 186M->141M(1024M) 14.292ms
[2022-09-23T02:22:36.854+0800][gc,cpu        ] GC(5) User=0.07s Sys=0.02s Real=0.02s
[2022-09-23T02:27:48.430+0800][gc,start      ] GC(6) Pause Young (Normal) (G1 Evacuation Pause)
[2022-09-23T02:27:48.431+0800][gc,task       ] GC(6) Using 8 workers of 8 for evacuation
[2022-09-23T02:27:48.461+0800][gc,mmu        ] GC(6) MMU target violated: 21.0ms (20.0ms/21.0ms)
[2022-09-23T02:27:48.461+0800][gc,phases     ] GC(6)   Pre Evacuate Collection Set: 0.4ms
[2022-09-23T02:27:48.461+0800][gc,phases     ] GC(6)   Evacuate Collection Set: 28.0ms
[2022-09-23T02:27:48.461+0800][gc,phases     ] GC(6)   Post Evacuate Collection Set: 0.8ms
[2022-09-23T02:27:48.461+0800][gc,phases     ] GC(6)   Other: 1.5ms
[2022-09-23T02:27:48.461+0800][gc,heap       ] GC(6) Eden regions: 44->0(47)
[2022-09-23T02:27:48.461+0800][gc,heap       ] GC(6) Survivor regions: 7->4(7)
[2022-09-23T02:27:48.461+0800][gc,heap       ] GC(6) Old regions: 7->13
[2022-09-23T02:27:48.461+0800][gc,heap       ] GC(6) Humongous regions: 129->129
[2022-09-23T02:27:48.461+0800][gc,metaspace  ] GC(6) Metaspace: 48748K->48748K(1093632K)
[2022-09-23T02:27:48.461+0800][gc            ] GC(6) Pause Young (Normal) (G1 Evacuation Pause) 185M->144M(1024M) 30.745ms
[2022-09-23T02:27:48.461+0800][gc,cpu        ] GC(6) User=0.09s Sys=0.03s Real=0.03s
[2022-09-23T02:32:27.542+0800][gc,start      ] GC(7) Pause Young (Normal) (G1 Evacuation Pause)
[2022-09-23T02:32:27.543+0800][gc,task       ] GC(7) Using 8 workers of 8 for evacuation
[2022-09-23T02:32:27.569+0800][gc,mmu        ] GC(7) MMU target violated: 21.0ms (20.0ms/21.0ms)
[2022-09-23T02:32:27.570+0800][gc,phases     ] GC(7)   Pre Evacuate Collection Set: 0.0ms
[2022-09-23T02:32:27.570+0800][gc,phases     ] GC(7)   Evacuate Collection Set: 25.8ms
[2022-09-23T02:32:27.570+0800][gc,phases     ] GC(7)   Post Evacuate Collection Set: 0.6ms
[2022-09-23T02:32:27.570+0800][gc,phases     ] GC(7)   Other: 1.3ms
[2022-09-23T02:32:27.570+0800][gc,heap       ] GC(7) Eden regions: 47->0(46)
[2022-09-23T02:32:27.570+0800][gc,heap       ] GC(7) Survivor regions: 4->5(7)
[2022-09-23T02:32:27.570+0800][gc,heap       ] GC(7) Old regions: 13->13
[2022-09-23T02:32:27.570+0800][gc,heap       ] GC(7) Humongous regions: 129->129
[2022-09-23T02:32:27.570+0800][gc,metaspace  ] GC(7) Metaspace: 51335K->51335K(1095680K)
[2022-09-23T02:32:27.570+0800][gc            ] GC(7) Pause Young (Normal) (G1 Evacuation Pause) 191M->145M(1024M) 27.765ms
[2022-09-23T02:32:27.570+0800][gc,cpu        ] GC(7) User=0.11s Sys=0.04s Real=0.03s
[2022-09-23T02:34:43.080+0800][gc,heap,exit  ] Heap
[2022-09-23T02:34:43.080+0800][gc,heap,exit  ]  garbage-first heap   total 1048576K, used 179889K [0x00000007c0000000, 0x0000000800000000)
[2022-09-23T02:34:43.080+0800][gc,heap,exit  ]   region size 1024K, 37 young (37888K), 5 survivors (5120K)
[2022-09-23T02:34:43.080+0800][gc,heap,exit  ]  Metaspace       used 52334K, capacity 55033K, committed 55216K, reserved 1097728K
[2022-09-23T02:34:43.080+0800][gc,heap,exit  ]   class space    used 6408K, capacity 7670K, committed 7680K, reserved 1048576K
