[2022-09-23T02:22:27.366+0800][gc,heap] Heap region size: 1M
[2022-09-23T02:22:27.375+0800][gc     ] Using G1
[2022-09-23T02:22:27.375+0800][gc,heap,coops] Heap address: 0x00000007c0000000, size: 1024 MB, Compressed Oops mode: Zero based, Oop shift amount: 3
[2022-09-23T02:22:34.318+0800][gc,start     ] GC(0) Pause Young (Concurrent Start) (Metadata GC Threshold)
[2022-09-23T02:22:34.319+0800][gc,task      ] GC(0) Using 8 workers of 8 for evacuation
[2022-09-23T02:22:34.343+0800][gc,mmu       ] GC(0) MMU target violated: 21.0ms (20.0ms/21.0ms)
[2022-09-23T02:22:34.343+0800][gc,phases    ] GC(0)   Pre Evacuate Collection Set: 0.0ms
[2022-09-23T02:22:34.343+0800][gc,phases    ] GC(0)   Evacuate Collection Set: 22.6ms
[2022-09-23T02:22:34.343+0800][gc,phases    ] GC(0)   Post Evacuate Collection Set: 0.8ms
[2022-09-23T02:22:34.343+0800][gc,phases    ] GC(0)   Other: 1.4ms
[2022-09-23T02:22:34.343+0800][gc,heap      ] GC(0) Eden regions: 47->0(44)
[2022-09-23T02:22:34.343+0800][gc,heap      ] GC(0) Survivor regions: 0->7(7)
[2022-09-23T02:22:34.343+0800][gc,heap      ] GC(0) Old regions: 0->0
[2022-09-23T02:22:34.343+0800][gc,heap      ] GC(0) Humongous regions: 0->0
[2022-09-23T02:22:34.343+0800][gc,metaspace ] GC(0) Metaspace: 20754K->20754K(1069056K)
[2022-09-23T02:22:34.343+0800][gc           ] GC(0) Pause Young (Concurrent Start) (Metadata GC Threshold) 46M->6M(1024M) 25.018ms
[2022-09-23T02:22:34.343+0800][gc,cpu       ] GC(0) User=0.05s Sys=0.02s Real=0.03s
[2022-09-23T02:22:34.344+0800][gc           ] GC(1) Concurrent Cycle
[2022-09-23T02:22:34.344+0800][gc,marking   ] GC(1) Concurrent Clear Claimed Marks
[2022-09-23T02:22:34.344+0800][gc,marking   ] GC(1) Concurrent Clear Claimed Marks 0.077ms
[2022-09-23T02:22:34.344+0800][gc,marking   ] GC(1) Concurrent Scan Root Regions
[2022-09-23T02:22:34.350+0800][gc,marking   ] GC(1) Concurrent Scan Root Regions 5.870ms
[2022-09-23T02:22:34.350+0800][gc,marking   ] GC(1) Concurrent Mark (6.996s)
[2022-09-23T02:22:34.350+0800][gc,marking   ] GC(1) Concurrent Mark From Roots
[2022-09-23T02:22:34.350+0800][gc,task      ] GC(1) Using 2 workers of 2 for marking
[2022-09-23T02:22:34.350+0800][gc,marking   ] GC(1) Concurrent Mark From Roots 0.280ms
[2022-09-23T02:22:34.350+0800][gc,marking   ] GC(1) Concurrent Preclean
[2022-09-23T02:22:34.350+0800][gc,marking   ] GC(1) Concurrent Preclean 0.064ms
[2022-09-23T02:22:34.350+0800][gc,marking   ] GC(1) Concurrent Mark (6.996s, 6.997s) 0.463ms
[2022-09-23T02:22:34.351+0800][gc,start     ] GC(1) Pause Remark
[2022-09-23T02:22:34.361+0800][gc,stringtable] GC(1) Cleaned string and symbol table, strings: 7207 processed, 0 removed, symbols: 63725 processed, 34 removed
[2022-09-23T02:22:34.362+0800][gc            ] GC(1) Pause Remark 7M->7M(1024M) 10.808ms
[2022-09-23T02:22:34.362+0800][gc,cpu        ] GC(1) User=0.01s Sys=0.01s Real=0.01s
[2022-09-23T02:22:34.362+0800][gc,marking    ] GC(1) Concurrent Rebuild Remembered Sets
[2022-09-23T02:22:34.363+0800][gc,marking    ] GC(1) Concurrent Rebuild Remembered Sets 0.282ms
[2022-09-23T02:22:34.363+0800][gc,start      ] GC(1) Pause Cleanup
[2022-09-23T02:22:34.363+0800][gc            ] GC(1) Pause Cleanup 7M->7M(1024M) 0.230ms
[2022-09-23T02:22:34.363+0800][gc,cpu        ] GC(1) User=0.00s Sys=0.00s Real=0.00s
[2022-09-23T02:22:34.363+0800][gc,marking    ] GC(1) Concurrent Cleanup for Next Mark
[2022-09-23T02:22:34.369+0800][gc,marking    ] GC(1) Concurrent Cleanup for Next Mark 5.806ms
[2022-09-23T02:22:34.369+0800][gc            ] GC(1) Concurrent Cycle 25.549ms
[2022-09-23T02:22:36.271+0800][gc,start      ] GC(2) Pause Young (Normal) (G1 Evacuation Pause)
[2022-09-23T02:22:36.281+0800][gc,task       ] GC(2) Using 8 workers of 8 for evacuation
[2022-09-23T02:22:36.312+0800][gc,mmu        ] GC(2) MMU target violated: 21.0ms (20.0ms/21.0ms)
[2022-09-23T02:22:36.312+0800][gc,phases     ] GC(2)   Pre Evacuate Collection Set: 0.0ms
[2022-09-23T02:22:36.312+0800][gc,phases     ] GC(2)   Evacuate Collection Set: 29.8ms
[2022-09-23T02:22:36.312+0800][gc,phases     ] GC(2)   Post Evacuate Collection Set: 0.8ms
[2022-09-23T02:22:36.312+0800][gc,phases     ] GC(2)   Other: 10.6ms
[2022-09-23T02:22:36.312+0800][gc,heap       ] GC(2) Eden regions: 44->0(49)
[2022-09-23T02:22:36.312+0800][gc,heap       ] GC(2) Survivor regions: 7->2(7)
[2022-09-23T02:22:36.312+0800][gc,heap       ] GC(2) Old regions: 0->7
[2022-09-23T02:22:36.312+0800][gc,heap       ] GC(2) Humongous regions: 129->129
[2022-09-23T02:22:36.312+0800][gc,metaspace  ] GC(2) Metaspace: 29448K->29448K(1075200K)
[2022-09-23T02:22:36.312+0800][gc            ] GC(2) Pause Young (Normal) (G1 Evacuation Pause) 179M->137M(1024M) 41.272ms
[2022-09-23T02:22:36.312+0800][gc,cpu        ] GC(2) User=0.08s Sys=0.03s Real=0.04s
[2022-09-23T02:22:36.730+0800][gc,start      ] GC(3) Pause Young (Concurrent Start) (Metadata GC Threshold)
[2022-09-23T02:22:36.730+0800][gc,task       ] GC(3) Using 8 workers of 8 for evacuation
[2022-09-23T02:22:36.736+0800][gc,phases     ] GC(3)   Pre Evacuate Collection Set: 0.0ms
[2022-09-23T02:22:36.736+0800][gc,phases     ] GC(3)   Evacuate Collection Set: 5.1ms
[2022-09-23T02:22:36.736+0800][gc,phases     ] GC(3)   Post Evacuate Collection Set: 0.3ms
[2022-09-23T02:22:36.736+0800][gc,phases     ] GC(3)   Other: 0.2ms
[2022-09-23T02:22:36.736+0800][gc,heap       ] GC(3) Eden regions: 27->0(48)
[2022-09-23T02:22:36.736+0800][gc,heap       ] GC(3) Survivor regions: 2->3(7)
[2022-09-23T02:22:36.736+0800][gc,heap       ] GC(3) Old regions: 7->7
[2022-09-23T02:22:36.736+0800][gc,heap       ] GC(3) Humongous regions: 129->129
[2022-09-23T02:22:36.736+0800][gc,metaspace  ] GC(3) Metaspace: 34666K->34666K(1081344K)
[2022-09-23T02:22:36.736+0800][gc            ] GC(3) Pause Young (Concurrent Start) (Metadata GC Threshold) 164M->138M(1024M) 5.871ms
[2022-09-23T02:22:36.736+0800][gc,cpu        ] GC(3) User=0.03s Sys=0.01s Real=0.00s
[2022-09-23T02:22:36.736+0800][gc            ] GC(4) Concurrent Cycle
[2022-09-23T02:22:36.736+0800][gc,marking    ] GC(4) Concurrent Clear Claimed Marks
[2022-09-23T02:22:36.736+0800][gc,marking    ] GC(4) Concurrent Clear Claimed Marks 0.031ms
[2022-09-23T02:22:36.736+0800][gc,marking    ] GC(4) Concurrent Scan Root Regions
[2022-09-23T02:22:36.738+0800][gc,marking    ] GC(4) Concurrent Scan Root Regions 2.015ms
[2022-09-23T02:22:36.738+0800][gc,marking    ] GC(4) Concurrent Mark (9.385s)
[2022-09-23T02:22:36.738+0800][gc,marking    ] GC(4) Concurrent Mark From Roots
[2022-09-23T02:22:36.738+0800][gc,task       ] GC(4) Using 2 workers of 2 for marking
[2022-09-23T02:22:36.752+0800][gc,marking    ] GC(4) Concurrent Mark From Roots 14.065ms
[2022-09-23T02:22:36.753+0800][gc,marking    ] GC(4) Concurrent Preclean
[2022-09-23T02:22:36.753+0800][gc,marking    ] GC(4) Concurrent Preclean 0.171ms
[2022-09-23T02:22:36.753+0800][gc,marking    ] GC(4) Concurrent Mark (9.385s, 9.399s) 14.371ms
[2022-09-23T02:22:36.754+0800][gc,start      ] GC(4) Pause Remark
[2022-09-23T02:22:36.766+0800][gc,stringtable] GC(4) Cleaned string and symbol table, strings: 10677 processed, 9 removed, symbols: 94989 processed, 25 removed
[2022-09-23T02:22:36.767+0800][gc            ] GC(4) Pause Remark 138M->138M(1024M) 12.931ms
[2022-09-23T02:22:36.767+0800][gc,cpu        ] GC(4) User=0.01s Sys=0.02s Real=0.01s
[2022-09-23T02:22:36.767+0800][gc,marking    ] GC(4) Concurrent Rebuild Remembered Sets
[2022-09-23T02:22:36.772+0800][gc,marking    ] GC(4) Concurrent Rebuild Remembered Sets 5.095ms
[2022-09-23T02:22:36.772+0800][gc,start      ] GC(4) Pause Cleanup
[2022-09-23T02:22:36.773+0800][gc            ] GC(4) Pause Cleanup 138M->138M(1024M) 0.203ms
[2022-09-23T02:22:36.773+0800][gc,cpu        ] GC(4) User=0.00s Sys=0.00s Real=0.00s
[2022-09-23T02:22:36.773+0800][gc,marking    ] GC(4) Concurrent Cleanup for Next Mark
[2022-09-23T02:22:36.781+0800][gc,marking    ] GC(4) Concurrent Cleanup for Next Mark 7.812ms
[2022-09-23T02:22:36.781+0800][gc            ] GC(4) Concurrent Cycle 44.408ms
[2022-09-23T02:22:38.119+0800][gc,start      ] GC(5) Pause Young (Normal) (G1 Evacuation Pause)
[2022-09-23T02:22:38.119+0800][gc,task       ] GC(5) Using 8 workers of 8 for evacuation
[2022-09-23T02:22:38.129+0800][gc,phases     ] GC(5)   Pre Evacuate Collection Set: 0.1ms
[2022-09-23T02:22:38.129+0800][gc,phases     ] GC(5)   Evacuate Collection Set: 8.9ms
[2022-09-23T02:22:38.129+0800][gc,phases     ] GC(5)   Post Evacuate Collection Set: 0.5ms
[2022-09-23T02:22:38.129+0800][gc,phases     ] GC(5)   Other: 0.2ms
[2022-09-23T02:22:38.129+0800][gc,heap       ] GC(5) Eden regions: 48->0(44)
[2022-09-23T02:22:38.129+0800][gc,heap       ] GC(5) Survivor regions: 3->7(7)
[2022-09-23T02:22:38.129+0800][gc,heap       ] GC(5) Old regions: 7->7
[2022-09-23T02:22:38.129+0800][gc,heap       ] GC(5) Humongous regions: 129->129
[2022-09-23T02:22:38.129+0800][gc,metaspace  ] GC(5) Metaspace: 42419K->42419K(1087488K)
[2022-09-23T02:22:38.129+0800][gc            ] GC(5) Pause Young (Normal) (G1 Evacuation Pause) 186M->141M(1024M) 9.918ms
[2022-09-23T02:22:38.129+0800][gc,cpu        ] GC(5) User=0.04s Sys=0.01s Real=0.01s
[2022-09-23T02:27:34.459+0800][gc,start      ] GC(6) Pause Young (Normal) (G1 Evacuation Pause)
[2022-09-23T02:27:34.460+0800][gc,task       ] GC(6) Using 8 workers of 8 for evacuation
[2022-09-23T02:27:34.481+0800][gc,mmu        ] GC(6) MMU target violated: 21.0ms (20.0ms/21.0ms)
[2022-09-23T02:27:34.481+0800][gc,phases     ] GC(6)   Pre Evacuate Collection Set: 0.0ms
[2022-09-23T02:27:34.481+0800][gc,phases     ] GC(6)   Evacuate Collection Set: 20.5ms
[2022-09-23T02:27:34.481+0800][gc,phases     ] GC(6)   Post Evacuate Collection Set: 0.7ms
[2022-09-23T02:27:34.481+0800][gc,phases     ] GC(6)   Other: 0.5ms
[2022-09-23T02:27:34.481+0800][gc,heap       ] GC(6) Eden regions: 44->0(47)
[2022-09-23T02:27:34.481+0800][gc,heap       ] GC(6) Survivor regions: 7->4(7)
[2022-09-23T02:27:34.481+0800][gc,heap       ] GC(6) Old regions: 7->13
[2022-09-23T02:27:34.481+0800][gc,heap       ] GC(6) Humongous regions: 129->129
[2022-09-23T02:27:34.481+0800][gc,metaspace  ] GC(6) Metaspace: 49103K->49103K(1093632K)
[2022-09-23T02:27:34.481+0800][gc            ] GC(6) Pause Young (Normal) (G1 Evacuation Pause) 185M->144M(1024M) 21.809ms
[2022-09-23T02:27:34.481+0800][gc,cpu        ] GC(6) User=0.08s Sys=0.03s Real=0.03s
[2022-09-23T02:31:45.163+0800][gc,start      ] GC(7) Pause Young (Normal) (G1 Evacuation Pause)
[2022-09-23T02:31:45.164+0800][gc,task       ] GC(7) Using 8 workers of 8 for evacuation
[2022-09-23T02:31:45.191+0800][gc,mmu        ] GC(7) MMU target violated: 21.0ms (20.0ms/21.0ms)
[2022-09-23T02:31:45.191+0800][gc,phases     ] GC(7)   Pre Evacuate Collection Set: 0.1ms
[2022-09-23T02:31:45.191+0800][gc,phases     ] GC(7)   Evacuate Collection Set: 25.6ms
[2022-09-23T02:31:45.191+0800][gc,phases     ] GC(7)   Post Evacuate Collection Set: 0.8ms
[2022-09-23T02:31:45.191+0800][gc,phases     ] GC(7)   Other: 1.8ms
[2022-09-23T02:31:45.191+0800][gc,heap       ] GC(7) Eden regions: 47->0(46)
[2022-09-23T02:31:45.191+0800][gc,heap       ] GC(7) Survivor regions: 4->5(7)
[2022-09-23T02:31:45.191+0800][gc,heap       ] GC(7) Old regions: 13->13
[2022-09-23T02:31:45.191+0800][gc,heap       ] GC(7) Humongous regions: 129->129
[2022-09-23T02:31:45.191+0800][gc,metaspace  ] GC(7) Metaspace: 52935K->52935K(1097728K)
[2022-09-23T02:31:45.191+0800][gc            ] GC(7) Pause Young (Normal) (G1 Evacuation Pause) 191M->146M(1024M) 28.430ms
[2022-09-23T02:31:45.191+0800][gc,cpu        ] GC(7) User=0.11s Sys=0.04s Real=0.03s
