[2022-09-23T02:22:24.873+0800][gc,heap] Heap region size: 1M
[2022-09-23T02:22:24.881+0800][gc     ] Using G1
[2022-09-23T02:22:24.881+0800][gc,heap,coops] Heap address: 0x00000007c0000000, size: 1024 MB, Compressed Oops mode: Zero based, Oop shift amount: 3
[2022-09-23T02:22:31.486+0800][gc,start     ] GC(0) Pause Young (Concurrent Start) (Metadata GC Threshold)
[2022-09-23T02:22:31.486+0800][gc,task      ] GC(0) Using 8 workers of 8 for evacuation
[2022-09-23T02:22:31.505+0800][gc,phases    ] GC(0)   Pre Evacuate Collection Set: 0.0ms
[2022-09-23T02:22:31.505+0800][gc,phases    ] GC(0)   Evacuate Collection Set: 17.8ms
[2022-09-23T02:22:31.505+0800][gc,phases    ] GC(0)   Post Evacuate Collection Set: 0.4ms
[2022-09-23T02:22:31.505+0800][gc,phases    ] GC(0)   Other: 1.0ms
[2022-09-23T02:22:31.505+0800][gc,heap      ] GC(0) Eden regions: 47->0(44)
[2022-09-23T02:22:31.505+0800][gc,heap      ] GC(0) Survivor regions: 0->7(7)
[2022-09-23T02:22:31.505+0800][gc,heap      ] GC(0) Old regions: 0->0
[2022-09-23T02:22:31.505+0800][gc,heap      ] GC(0) Humongous regions: 0->0
[2022-09-23T02:22:31.505+0800][gc,metaspace ] GC(0) Metaspace: 20624K->20624K(1069056K)
[2022-09-23T02:22:31.505+0800][gc           ] GC(0) Pause Young (Concurrent Start) (Metadata GC Threshold) 47M->6M(1024M) 19.398ms
[2022-09-23T02:22:31.505+0800][gc,cpu       ] GC(0) User=0.04s Sys=0.02s Real=0.02s
[2022-09-23T02:22:31.506+0800][gc           ] GC(1) Concurrent Cycle
[2022-09-23T02:22:31.506+0800][gc,marking   ] GC(1) Concurrent Clear Claimed Marks
[2022-09-23T02:22:31.506+0800][gc,marking   ] GC(1) Concurrent Clear Claimed Marks 0.081ms
[2022-09-23T02:22:31.506+0800][gc,marking   ] GC(1) Concurrent Scan Root Regions
[2022-09-23T02:22:31.508+0800][gc,marking   ] GC(1) Concurrent Scan Root Regions 2.211ms
[2022-09-23T02:22:31.508+0800][gc,marking   ] GC(1) Concurrent Mark (6.648s)
[2022-09-23T02:22:31.508+0800][gc,marking   ] GC(1) Concurrent Mark From Roots
[2022-09-23T02:22:31.508+0800][gc,task      ] GC(1) Using 2 workers of 2 for marking
[2022-09-23T02:22:31.508+0800][gc,marking   ] GC(1) Concurrent Mark From Roots 0.167ms
[2022-09-23T02:22:31.508+0800][gc,marking   ] GC(1) Concurrent Preclean
[2022-09-23T02:22:31.508+0800][gc,marking   ] GC(1) Concurrent Preclean 0.036ms
[2022-09-23T02:22:31.508+0800][gc,marking   ] GC(1) Concurrent Mark (6.648s, 6.648s) 0.243ms
[2022-09-23T02:22:31.509+0800][gc,start     ] GC(1) Pause Remark
[2022-09-23T02:22:31.514+0800][gc,stringtable] GC(1) Cleaned string and symbol table, strings: 7202 processed, 0 removed, symbols: 63683 processed, 34 removed
[2022-09-23T02:22:31.515+0800][gc            ] GC(1) Pause Remark 7M->7M(1024M) 5.822ms
[2022-09-23T02:22:31.515+0800][gc,cpu        ] GC(1) User=0.01s Sys=0.00s Real=0.01s
[2022-09-23T02:22:31.515+0800][gc,marking    ] GC(1) Concurrent Rebuild Remembered Sets
[2022-09-23T02:22:31.515+0800][gc,marking    ] GC(1) Concurrent Rebuild Remembered Sets 0.165ms
[2022-09-23T02:22:31.515+0800][gc,start      ] GC(1) Pause Cleanup
[2022-09-23T02:22:31.515+0800][gc            ] GC(1) Pause Cleanup 7M->7M(1024M) 0.104ms
[2022-09-23T02:22:31.515+0800][gc,cpu        ] GC(1) User=0.00s Sys=0.00s Real=0.00s
[2022-09-23T02:22:31.515+0800][gc,marking    ] GC(1) Concurrent Cleanup for Next Mark
[2022-09-23T02:22:31.519+0800][gc,marking    ] GC(1) Concurrent Cleanup for Next Mark 3.783ms
[2022-09-23T02:22:31.519+0800][gc            ] GC(1) Concurrent Cycle 13.550ms
[2022-09-23T02:22:32.853+0800][gc,start      ] GC(2) Pause Young (Normal) (G1 Evacuation Pause)
[2022-09-23T02:22:32.853+0800][gc,task       ] GC(2) Using 8 workers of 8 for evacuation
[2022-09-23T02:22:32.874+0800][gc,mmu        ] GC(2) MMU target violated: 20.6ms (20.0ms/21.0ms)
[2022-09-23T02:22:32.874+0800][gc,phases     ] GC(2)   Pre Evacuate Collection Set: 0.0ms
[2022-09-23T02:22:32.874+0800][gc,phases     ] GC(2)   Evacuate Collection Set: 20.1ms
[2022-09-23T02:22:32.874+0800][gc,phases     ] GC(2)   Post Evacuate Collection Set: 0.5ms
[2022-09-23T02:22:32.874+0800][gc,phases     ] GC(2)   Other: 0.2ms
[2022-09-23T02:22:32.874+0800][gc,heap       ] GC(2) Eden regions: 44->0(48)
[2022-09-23T02:22:32.874+0800][gc,heap       ] GC(2) Survivor regions: 7->3(7)
[2022-09-23T02:22:32.874+0800][gc,heap       ] GC(2) Old regions: 0->7
[2022-09-23T02:22:32.874+0800][gc,heap       ] GC(2) Humongous regions: 129->129
[2022-09-23T02:22:32.874+0800][gc,metaspace  ] GC(2) Metaspace: 29557K->29557K(1075200K)
[2022-09-23T02:22:32.874+0800][gc            ] GC(2) Pause Young (Normal) (G1 Evacuation Pause) 179M->137M(1024M) 20.905ms
[2022-09-23T02:22:32.874+0800][gc,cpu        ] GC(2) User=0.08s Sys=0.04s Real=0.02s
[2022-09-23T02:22:33.233+0800][gc,start      ] GC(3) Pause Young (Concurrent Start) (Metadata GC Threshold)
[2022-09-23T02:22:33.247+0800][gc,task       ] GC(3) Using 8 workers of 8 for evacuation
[2022-09-23T02:22:33.252+0800][gc,phases     ] GC(3)   Pre Evacuate Collection Set: 0.1ms
[2022-09-23T02:22:33.252+0800][gc,phases     ] GC(3)   Evacuate Collection Set: 4.8ms
[2022-09-23T02:22:33.252+0800][gc,phases     ] GC(3)   Post Evacuate Collection Set: 0.3ms
[2022-09-23T02:22:33.252+0800][gc,phases     ] GC(3)   Other: 14.5ms
[2022-09-23T02:22:33.252+0800][gc,heap       ] GC(3) Eden regions: 29->0(48)
[2022-09-23T02:22:33.253+0800][gc,heap       ] GC(3) Survivor regions: 3->3(7)
[2022-09-23T02:22:33.253+0800][gc,heap       ] GC(3) Old regions: 7->7
[2022-09-23T02:22:33.253+0800][gc,heap       ] GC(3) Humongous regions: 129->129
[2022-09-23T02:22:33.253+0800][gc,metaspace  ] GC(3) Metaspace: 35021K->35021K(1081344K)
[2022-09-23T02:22:33.253+0800][gc            ] GC(3) Pause Young (Concurrent Start) (Metadata GC Threshold) 166M->138M(1024M) 19.697ms
[2022-09-23T02:22:33.253+0800][gc,cpu        ] GC(3) User=0.02s Sys=0.01s Real=0.02s
[2022-09-23T02:22:33.253+0800][gc            ] GC(4) Concurrent Cycle
[2022-09-23T02:22:33.253+0800][gc,marking    ] GC(4) Concurrent Clear Claimed Marks
[2022-09-23T02:22:33.253+0800][gc,marking    ] GC(4) Concurrent Clear Claimed Marks 0.026ms
[2022-09-23T02:22:33.253+0800][gc,marking    ] GC(4) Concurrent Scan Root Regions
[2022-09-23T02:22:33.254+0800][gc,marking    ] GC(4) Concurrent Scan Root Regions 1.692ms
[2022-09-23T02:22:33.273+0800][gc,marking    ] GC(4) Concurrent Mark (8.412s)
[2022-09-23T02:22:33.273+0800][gc,marking    ] GC(4) Concurrent Mark From Roots
[2022-09-23T02:22:33.273+0800][gc,task       ] GC(4) Using 2 workers of 2 for marking
[2022-09-23T02:22:33.281+0800][gc,marking    ] GC(4) Concurrent Mark From Roots 8.239ms
[2022-09-23T02:22:33.291+0800][gc,marking    ] GC(4) Concurrent Preclean
[2022-09-23T02:22:33.293+0800][gc,marking    ] GC(4) Concurrent Preclean 1.745ms
[2022-09-23T02:22:33.293+0800][gc,marking    ] GC(4) Concurrent Mark (8.412s, 8.433s) 20.354ms
[2022-09-23T02:22:33.293+0800][gc,start      ] GC(4) Pause Remark
[2022-09-23T02:22:33.302+0800][gc,stringtable] GC(4) Cleaned string and symbol table, strings: 10776 processed, 9 removed, symbols: 96511 processed, 23 removed
[2022-09-23T02:22:33.311+0800][gc            ] GC(4) Pause Remark 139M->139M(1024M) 17.857ms
[2022-09-23T02:22:33.311+0800][gc,cpu        ] GC(4) User=0.01s Sys=0.01s Real=0.02s
[2022-09-23T02:22:33.311+0800][gc,marking    ] GC(4) Concurrent Rebuild Remembered Sets
[2022-09-23T02:22:33.315+0800][gc,marking    ] GC(4) Concurrent Rebuild Remembered Sets 3.725ms
[2022-09-23T02:22:33.316+0800][gc,start      ] GC(4) Pause Cleanup
[2022-09-23T02:22:33.317+0800][gc            ] GC(4) Pause Cleanup 139M->139M(1024M) 0.349ms
[2022-09-23T02:22:33.317+0800][gc,cpu        ] GC(4) User=0.00s Sys=0.00s Real=0.00s
[2022-09-23T02:22:33.317+0800][gc,marking    ] GC(4) Concurrent Cleanup for Next Mark
[2022-09-23T02:22:33.322+0800][gc,marking    ] GC(4) Concurrent Cleanup for Next Mark 5.444ms
[2022-09-23T02:22:33.336+0800][gc            ] GC(4) Concurrent Cycle 83.453ms
[2022-09-23T02:22:35.234+0800][gc,start      ] GC(5) Pause Young (Normal) (G1 Evacuation Pause)
[2022-09-23T02:22:35.248+0800][gc,task       ] GC(5) Using 8 workers of 8 for evacuation
[2022-09-23T02:22:35.266+0800][gc,phases     ] GC(5)   Pre Evacuate Collection Set: 0.0ms
[2022-09-23T02:22:35.277+0800][gc,phases     ] GC(5)   Evacuate Collection Set: 16.4ms
[2022-09-23T02:22:35.277+0800][gc,phases     ] GC(5)   Post Evacuate Collection Set: 0.8ms
[2022-09-23T02:22:35.277+0800][gc,phases     ] GC(5)   Other: 14.7ms
[2022-09-23T02:22:35.277+0800][gc,heap       ] GC(5) Eden regions: 48->0(44)
[2022-09-23T02:22:35.277+0800][gc,heap       ] GC(5) Survivor regions: 3->7(7)
[2022-09-23T02:22:35.277+0800][gc,heap       ] GC(5) Old regions: 7->7
[2022-09-23T02:22:35.277+0800][gc,heap       ] GC(5) Humongous regions: 129->129
[2022-09-23T02:22:35.277+0800][gc,metaspace  ] GC(5) Metaspace: 42875K->42875K(1087488K)
[2022-09-23T02:22:35.277+0800][gc            ] GC(5) Pause Young (Normal) (G1 Evacuation Pause) 186M->141M(1024M) 43.655ms
[2022-09-23T02:22:35.277+0800][gc,cpu        ] GC(5) User=0.09s Sys=0.02s Real=0.04s
[2022-09-23T02:27:32.157+0800][gc,start      ] GC(6) Pause Young (Normal) (G1 Evacuation Pause)
[2022-09-23T02:27:32.157+0800][gc,task       ] GC(6) Using 8 workers of 8 for evacuation
[2022-09-23T02:27:32.181+0800][gc,mmu        ] GC(6) MMU target violated: 21.0ms (20.0ms/21.0ms)
[2022-09-23T02:27:32.182+0800][gc,phases     ] GC(6)   Pre Evacuate Collection Set: 0.2ms
[2022-09-23T02:27:32.182+0800][gc,phases     ] GC(6)   Evacuate Collection Set: 23.0ms
[2022-09-23T02:27:32.182+0800][gc,phases     ] GC(6)   Post Evacuate Collection Set: 0.8ms
[2022-09-23T02:27:32.182+0800][gc,phases     ] GC(6)   Other: 0.5ms
[2022-09-23T02:27:32.182+0800][gc,heap       ] GC(6) Eden regions: 44->0(48)
[2022-09-23T02:27:32.182+0800][gc,heap       ] GC(6) Survivor regions: 7->3(7)
[2022-09-23T02:27:32.182+0800][gc,heap       ] GC(6) Old regions: 7->13
[2022-09-23T02:27:32.182+0800][gc,heap       ] GC(6) Humongous regions: 129->129
[2022-09-23T02:27:32.182+0800][gc,metaspace  ] GC(6) Metaspace: 50013K->50013K(1095680K)
[2022-09-23T02:27:32.182+0800][gc            ] GC(6) Pause Young (Normal) (G1 Evacuation Pause) 185M->144M(1024M) 24.578ms
[2022-09-23T02:27:32.182+0800][gc,cpu        ] GC(6) User=0.07s Sys=0.03s Real=0.03s
[2022-09-23T02:31:06.100+0800][gc,start      ] GC(7) Pause Young (Normal) (G1 Evacuation Pause)
[2022-09-23T02:31:06.100+0800][gc,task       ] GC(7) Using 8 workers of 8 for evacuation
[2022-09-23T02:31:06.121+0800][gc,mmu        ] GC(7) MMU target violated: 20.5ms (20.0ms/21.0ms)
[2022-09-23T02:31:06.121+0800][gc,phases     ] GC(7)   Pre Evacuate Collection Set: 0.0ms
[2022-09-23T02:31:06.121+0800][gc,phases     ] GC(7)   Evacuate Collection Set: 19.5ms
[2022-09-23T02:31:06.121+0800][gc,phases     ] GC(7)   Post Evacuate Collection Set: 0.9ms
[2022-09-23T02:31:06.121+0800][gc,phases     ] GC(7)   Other: 0.5ms
[2022-09-23T02:31:06.121+0800][gc,heap       ] GC(7) Eden regions: 48->0(46)
[2022-09-23T02:31:06.121+0800][gc,heap       ] GC(7) Survivor regions: 3->5(7)
[2022-09-23T02:31:06.121+0800][gc,heap       ] GC(7) Old regions: 13->13
[2022-09-23T02:31:06.121+0800][gc,heap       ] GC(7) Humongous regions: 129->129
[2022-09-23T02:31:06.121+0800][gc,metaspace  ] GC(7) Metaspace: 54078K->54078K(1097728K)
[2022-09-23T02:31:06.121+0800][gc            ] GC(7) Pause Young (Normal) (G1 Evacuation Pause) 192M->145M(1024M) 21.017ms
[2022-09-23T02:31:06.121+0800][gc,cpu        ] GC(7) User=0.08s Sys=0.03s Real=0.02s
[2022-09-23T02:31:06.212+0800][gc,heap,exit  ] Heap
[2022-09-23T02:31:06.212+0800][gc,heap,exit  ]  garbage-first heap   total 1048576K, used 152279K [0x00000007c0000000, 0x0000000800000000)
[2022-09-23T02:31:06.213+0800][gc,heap,exit  ]   region size 1024K, 9 young (9216K), 5 survivors (5120K)
[2022-09-23T02:31:06.213+0800][gc,heap,exit  ]  Metaspace       used 54121K, capacity 57296K, committed 57552K, reserved 1097728K
[2022-09-23T02:31:06.213+0800][gc,heap,exit  ]   class space    used 7071K, capacity 8663K, committed 8736K, reserved 1048576K
