[2022-09-23T22:10:58.092+0800][gc,heap] Heap region size: 1M
[2022-09-23T22:10:58.097+0800][gc     ] Using G1
[2022-09-23T22:10:58.097+0800][gc,heap,coops] Heap address: 0x00000007e0000000, size: 512 MB, Compressed Oops mode: Zero based, Oop shift amount: 3
[2022-09-23T22:11:04.595+0800][gc,start     ] GC(0) Pause Young (Normal) (G1 Evacuation Pause)
[2022-09-23T22:11:04.595+0800][gc,task      ] GC(0) Using 8 workers of 8 for evacuation
[2022-09-23T22:11:04.608+0800][gc,phases    ] GC(0)   Pre Evacuate Collection Set: 0.0ms
[2022-09-23T22:11:04.608+0800][gc,phases    ] GC(0)   Evacuate Collection Set: 11.8ms
[2022-09-23T22:11:04.608+0800][gc,phases    ] GC(0)   Post Evacuate Collection Set: 0.3ms
[2022-09-23T22:11:04.608+0800][gc,phases    ] GC(0)   Other: 1.4ms
[2022-09-23T22:11:04.608+0800][gc,heap      ] GC(0) Eden regions: 25->0(21)
[2022-09-23T22:11:04.608+0800][gc,heap      ] GC(0) Survivor regions: 0->4(4)
[2022-09-23T22:11:04.608+0800][gc,heap      ] GC(0) Old regions: 0->4
[2022-09-23T22:11:04.608+0800][gc,heap      ] GC(0) Humongous regions: 0->0
[2022-09-23T22:11:04.608+0800][gc,metaspace ] GC(0) Metaspace: 14818K->14818K(1062912K)
[2022-09-23T22:11:04.608+0800][gc           ] GC(0) Pause Young (Normal) (G1 Evacuation Pause) 25M->7M(512M) 13.114ms
[2022-09-23T22:11:04.608+0800][gc,cpu       ] GC(0) User=0.03s Sys=0.02s Real=0.01s
