[2022-09-23T02:09:01.340+0800][gc,heap] Heap region size: 1M
[2022-09-23T02:09:01.345+0800][gc     ] Using G1
[2022-09-23T02:09:01.345+0800][gc,heap,coops] Heap address: 0x00000007e0000000, size: 512 MB, Compressed Oops mode: Zero based, Oop shift amount: 3
[2022-09-23T02:09:07.836+0800][gc,start     ] GC(0) Pause Young (Normal) (G1 Evacuation Pause)
[2022-09-23T02:09:07.836+0800][gc,task      ] GC(0) Using 8 workers of 8 for evacuation
[2022-09-23T02:09:07.852+0800][gc,phases    ] GC(0)   Pre Evacuate Collection Set: 0.0ms
[2022-09-23T02:09:07.852+0800][gc,phases    ] GC(0)   Evacuate Collection Set: 15.3ms
[2022-09-23T02:09:07.852+0800][gc,phases    ] GC(0)   Post Evacuate Collection Set: 0.5ms
[2022-09-23T02:09:07.852+0800][gc,phases    ] GC(0)   Other: 1.1ms
[2022-09-23T02:09:07.852+0800][gc,heap      ] GC(0) Eden regions: 25->0(21)
[2022-09-23T02:09:07.852+0800][gc,heap      ] GC(0) Survivor regions: 0->4(4)
[2022-09-23T02:09:07.852+0800][gc,heap      ] GC(0) Old regions: 0->4
[2022-09-23T02:09:07.852+0800][gc,heap      ] GC(0) Humongous regions: 0->0
[2022-09-23T02:09:07.852+0800][gc,metaspace ] GC(0) Metaspace: 14817K->14817K(1062912K)
[2022-09-23T02:09:07.853+0800][gc           ] GC(0) Pause Young (Normal) (G1 Evacuation Pause) 25M->7M(512M) 17.249ms
[2022-09-23T02:09:07.853+0800][gc,cpu       ] GC(0) User=0.05s Sys=0.02s Real=0.02s
[2022-09-23T02:20:40.849+0800][gc,heap,exit ] Heap
[2022-09-23T02:20:40.850+0800][gc,heap,exit ]  garbage-first heap   total 524288K, used 20609K [0x00000007e0000000, 0x0000000800000000)
[2022-09-23T02:20:40.850+0800][gc,heap,exit ]   region size 1024K, 18 young (18432K), 4 survivors (4096K)
[2022-09-23T02:20:40.850+0800][gc,heap,exit ]  Metaspace       used 16677K, capacity 16993K, committed 17280K, reserved 1064960K
[2022-09-23T02:20:40.850+0800][gc,heap,exit ]   class space    used 1671K, capacity 1814K, committed 1920K, reserved 1048576K
